singleton {"exBudgetCPU":2956707,"exBudgetMemory":6256,"scriptSizeBytes":68}
singletonData {"exBudgetCPU":2867388,"exBudgetMemory":5956,"scriptSizeBytes":66}
valueOf.itself {"exBudgetCPU":1101701,"exBudgetMemory":3800,"scriptSizeBytes":115}
valueOf.applied {"exBudgetCPU":10409027,"exBudgetMemory":23308,"scriptSizeBytes":183}
valueOf.growing.1 {"exBudgetCPU":7629468,"exBudgetMemory":18450,"scriptSizeBytes":194}
valueOf.growing.2 {"exBudgetCPU":26964346,"exBudgetMemory":63304,"scriptSizeBytes":433}
valueOf.growing.3 {"exBudgetCPU":39972593,"exBudgetMemory":93042,"scriptSizeBytes":461}
valueOf.growing.4 {"exBudgetCPU":56659253,"exBudgetMemory":129872,"scriptSizeBytes":478}
valueOf.growing.5 {"exBudgetCPU":77470921,"exBudgetMemory":175294,"scriptSizeBytes":494}
valueOf.growing.6 {"exBudgetCPU":102407597,"exBudgetMemory":229308,"scriptSizeBytes":510}
valueOf.growing.7 {"exBudgetCPU":131469281,"exBudgetMemory":291914,"scriptSizeBytes":527}
valueOf.growing.8 {"exBudgetCPU":164655973,"exBudgetMemory":363112,"scriptSizeBytes":543}
valueOf.growing.9 {"exBudgetCPU":204826551,"exBudgetMemory":448060,"scriptSizeBytes":558}
valueOf.growing.10 {"exBudgetCPU":244331884,"exBudgetMemory":532512,"scriptSizeBytes":574}
valueOf.growing.11 {"exBudgetCPU":287962225,"exBudgetMemory":625556,"scriptSizeBytes":590}
valueOf.growing.12 {"exBudgetCPU":335717574,"exBudgetMemory":727192,"scriptSizeBytes":607}
valueOf.growing.13 {"exBudgetCPU":387597931,"exBudgetMemory":837420,"scriptSizeBytes":623}
valueOf.growing.14 {"exBudgetCPU":443603296,"exBudgetMemory":956240,"scriptSizeBytes":639}
valueOf.growing.15 {"exBudgetCPU":503733669,"exBudgetMemory":1083652,"scriptSizeBytes":656}
valueOf.growing.16 {"exBudgetCPU":567989050,"exBudgetMemory":1219656,"scriptSizeBytes":672}
valueOf.growing.17 {"exBudgetCPU":636369439,"exBudgetMemory":1364252,"scriptSizeBytes":689}
unionWith.const {"exBudgetCPU":23630246,"exBudgetMemory":54504,"scriptSizeBytes":330}
unionWith.(+).itself {"exBudgetCPU":1220793,"exBudgetMemory":4200,"scriptSizeBytes":236}
unionWith.(+).applied {"exBudgetCPU":23678590,"exBudgetMemory":54006,"scriptSizeBytes":326}
unionWith.tokens {"exBudgetCPU":23016385,"exBudgetMemory":53510,"scriptSizeBytes":336}
unionWith.symbols {"exBudgetCPU":15194726,"exBudgetMemory":35964,"scriptSizeBytes":328}
unionWith.growing.1 {"exBudgetCPU":15284045,"exBudgetMemory":36264,"scriptSizeBytes":332}
unionWith.growing.2 {"exBudgetCPU":34172328,"exBudgetMemory":79618,"scriptSizeBytes":363}
unionWith.growing.3 {"exBudgetCPU":49016932,"exBudgetMemory":112818,"scriptSizeBytes":383}
unionWith.growing.4 {"exBudgetCPU":67897225,"exBudgetMemory":154310,"scriptSizeBytes":399}
unionWith.growing.5 {"exBudgetCPU":90902526,"exBudgetMemory":204394,"scriptSizeBytes":415}
unionWith.growing.6 {"exBudgetCPU":118032835,"exBudgetMemory":263070,"scriptSizeBytes":432}
unionWith.growing.7 {"exBudgetCPU":149288152,"exBudgetMemory":330338,"scriptSizeBytes":448}
unionWith.growing.8 {"exBudgetCPU":184668477,"exBudgetMemory":406198,"scriptSizeBytes":464}
unionWith.growing.9 {"exBudgetCPU":232163859,"exBudgetMemory":508796,"scriptSizeBytes":479}
unionWith.growing.10 {"exBudgetCPU":271669192,"exBudgetMemory":593248,"scriptSizeBytes":495}
unionWith.growing.11 {"exBudgetCPU":315299533,"exBudgetMemory":686292,"scriptSizeBytes":512}
unionWith.growing.12 {"exBudgetCPU":363054882,"exBudgetMemory":787928,"scriptSizeBytes":528}
unionWith.growing.13 {"exBudgetCPU":414935239,"exBudgetMemory":898156,"scriptSizeBytes":544}
unionWith.growing.14 {"exBudgetCPU":470940604,"exBudgetMemory":1016976,"scriptSizeBytes":561}
unionWith.growing.15 {"exBudgetCPU":531070977,"exBudgetMemory":1144388,"scriptSizeBytes":577}
unionWith.growing.16 {"exBudgetCPU":595326358,"exBudgetMemory":1280392,"scriptSizeBytes":593}
unionWith.growing.17 {"exBudgetCPU":663706747,"exBudgetMemory":1424988,"scriptSizeBytes":610}
unionWithData const.itself {"exBudgetCPU":1220793,"exBudgetMemory":4200,"scriptSizeBytes":226}
unionWithData const.applied {"exBudgetCPU":22822970,"exBudgetMemory":53208,"scriptSizeBytes":319}
isZero.itself {"exBudgetCPU":59646,"exBudgetMemory":300,"scriptSizeBytes":6}
isZero.true {"exBudgetCPU":31635462,"exBudgetMemory":73457,"scriptSizeBytes":460}
isZero.false {"exBudgetCPU":3196026,"exBudgetMemory":6588,"scriptSizeBytes":71}
equality.itself {"exBudgetCPU":833744,"exBudgetMemory":2900,"scriptSizeBytes":124}
equality.triviallyTrue {"exBudgetCPU":13306769,"exBudgetMemory":28964,"scriptSizeBytes":212}
equality.triviallyFalse {"exBudgetCPU":11575395,"exBudgetMemory":25036,"scriptSizeBytes":222}
equality.swappedTokensTrue {"exBudgetCPU":51124512,"exBudgetMemory":115372,"scriptSizeBytes":471}
equality.swappedSymbolsTrue {"exBudgetCPU":39904171,"exBudgetMemory":88168,"scriptSizeBytes":462}
equality.growing.1 {"exBudgetCPU":13306769,"exBudgetMemory":28964,"scriptSizeBytes":212}
equality.growing.2 {"exBudgetCPU":51094016,"exBudgetMemory":115372,"scriptSizeBytes":466}
equality.growing.3 {"exBudgetCPU":77145504,"exBudgetMemory":172776,"scriptSizeBytes":497}
equality.growing.4 {"exBudgetCPU":111447008,"exBudgetMemory":247364,"scriptSizeBytes":529}
equality.growing.5 {"exBudgetCPU":153998528,"exBudgetMemory":339136,"scriptSizeBytes":560}
equality.growing.6 {"exBudgetCPU":204800064,"exBudgetMemory":448092,"scriptSizeBytes":591}
equality.growing.7 {"exBudgetCPU":263851616,"exBudgetMemory":574232,"scriptSizeBytes":622}
equality.growing.8 {"exBudgetCPU":331153184,"exBudgetMemory":717556,"scriptSizeBytes":654}
equality.growing.9 {"exBudgetCPU":406704768,"exBudgetMemory":878064,"scriptSizeBytes":685}
equality.growing.10 {"exBudgetCPU":490506368,"exBudgetMemory":1055756,"scriptSizeBytes":716}
equality.growing.11 {"exBudgetCPU":582557984,"exBudgetMemory":1250632,"scriptSizeBytes":747}
equality.growing.12 {"exBudgetCPU":682859616,"exBudgetMemory":1462692,"scriptSizeBytes":779}
equality.growing.13 {"exBudgetCPU":791411264,"exBudgetMemory":1691936,"scriptSizeBytes":810}
equality.growing.14 {"exBudgetCPU":908212928,"exBudgetMemory":1938364,"scriptSizeBytes":841}
equality.growing.15 {"exBudgetCPU":1033264608,"exBudgetMemory":2201976,"scriptSizeBytes":872}
equality.growing.16 {"exBudgetCPU":1166566304,"exBudgetMemory":2482772,"scriptSizeBytes":904}
equality.growing.17 {"exBudgetCPU":1308118016,"exBudgetMemory":2780752,"scriptSizeBytes":935}
normalize.identity {"exBudgetCPU":33656200,"exBudgetMemory":76346,"scriptSizeBytes":457}
normalize.empty {"exBudgetCPU":31336597,"exBudgetMemory":72925,"scriptSizeBytes":456}
assertSorted.succeeds {"exBudgetCPU":40370163,"exBudgetMemory":96614,"scriptSizeBytes":486}
assertSorted.fails on malsorted symbols {"exBudgetCPU":28293494,"exBudgetMemory":62258,"scriptSizeBytes":303}
assertSorted.fails on zero quantities {"exBudgetCPU":28358984,"exBudgetMemory":62192,"scriptSizeBytes":485}
assertSorted.fails on empty token map {"exBudgetCPU":1500103,"exBudgetMemory":423,"scriptSizeBytes":215}