lookup (program 1.0.0 True)
lookupData (program 1.0.0 True)
singleton (program 1.0.0 [(#436b6579, #182a)])
singletonData (program 1.0.0 [(#436b6579, #182a)])