singleton (program 1.0.0 ((\i0 -> (\i0 -> (\i0 -> (\i0 -> \i0 -> \i0 -> (\i0 -> i5 (bData i4) (mapData i1)) (i4 (bData i2) (iData i1))) #c0 #736f6d65746f6b656e 1) (\i0 -> \i0 -> i3 (mkPairData i2 i1) i4)) (force mkCons)) [  ]))
valueOf.itself (program 1.0.0 ((\i0 -> (\i0 -> (\i0 -> (\i0 -> (\i0 -> (\i0 -> (\i0 -> (\i0 -> (\i0 -> \i0 -> \i0 -> \i0 -> i4 i2 0 (\i0 -> i5 i2 0 unIData (unMapData i1)) i3) (\i0 -> i2 (bData i1))) (\i0 -> \i0 -> \i0 -> \i0 -> i5 (\i0 -> \i0 -> force (i8 i1 (delay i5) (delay (force (i9 (equalsData (i10 (i12 i1)) i6) (delay (i4 (i11 (i12 i1)))) (delay (i2 (i13 i1)))))))) i1)) (\i0 -> (\i0 -> i2 (\i0 -> i2 i2 i1)) (\i0 -> i2 (\i0 -> i2 i2 i1)))) (force (force chooseList))) (force ifThenElse)) (force (force fstPair))) (force (force sndPair))) (force headList)) (force tailList)))
valueOf.applied (program 1.0.0 ((\i0 -> (\i0 -> (\i0 -> (\i0 -> (\i0 -> (\i0 -> (\i0 -> (\i0 -> (\i0 -> (\i0 -> (\i0 -> (\i0 -> (\i0 -> (\i0 -> (\i0 -> \i0 -> \i0 -> i4 i2 0 (\i0 -> i5 i2 0 unIData (unMapData i1)) i3) ((\i0 -> (\i0 -> i12 (bData i15) (mapData i1)) (i11 (bData i15) (iData i1))) 1) i13 i14) (\i0 -> i2 (bData i1))) (\i0 -> \i0 -> \i0 -> \i0 -> i5 (\i0 -> \i0 -> force (i8 i1 (delay i5) (delay (force (i9 (equalsData (i10 (i12 i1)) i6) (delay (i4 (i11 (i12 i1)))) (delay (i2 (i13 i1)))))))) i1)) (\i0 -> (\i0 -> i2 (\i0 -> i2 i2 i1)) (\i0 -> i2 (\i0 -> i2 i2 i1)))) (force (force chooseList))) (force ifThenElse)) (force (force fstPair))) (force (force sndPair))) (force headList)) (force tailList)) (\i0 -> \i0 -> i3 (mkPairData i2 i1) i4)) (force mkCons)) [  ]) #c0) #736f6d65746f6b656e))
unionWith.const (program 1.0.0 ((\i0 -> (\i0 -> (\i0 -> (\i0 -> (\i0 -> (\i0 -> (\i0 -> (\i0 -> (\i0 -> (\i0 -> (\i0 -> (\i0 -> (\i0 -> (\i0 -> (\i0 -> (\i0 -> (\i0 -> (\i0 -> (\i0 -> (\i0 -> (\i0 -> (\i0 -> \i0 -> \i0 -> (\i0 -> i5 (\i0 -> \i0 -> mapData (i3 (unMapData i2) (unMapData i1)))) (\i0 -> \i0 -> i6 (\i0 -> \i0 -> iData (i7 (unIData i2) (unIData i1))) i2 i1) i2 i1) (\i0 -> \i0 -> i2) (i14 i20 i21 1) (i14 i20 i21 1)) (\i0 -> \i0 -> \i0 -> (\i0 -> i5 i1 i3 (\i0 -> \i0 -> i9 i1 (i9 i2 (i10 i4 i1)))) (\i0 -> \i0 -> i10 i2 (\i0 -> \i0 -> i2 i3) (\i0 -> \i0 -> \i0 -> i1 (i8 i4 i3)) i3))) (\i0 -> \i0 -> i7 (\i0 -> \i0 -> force (i10 i1 (delay (\i0 -> i1 i22 i22)) (delay (i2 (i15 i1) (\i0 -> \i0 -> (\i0 -> i8 (\i0 -> \i0 -> i1 (i25 (mkPairData i3 i2) i5) i4) (\i0 -> \i0 -> i1 i5 (i25 (mkPairData i3 i2) i4)) (i7 i1 (i16 (i17 i4)))) (i14 (i16 i3))))))) i1 (\i0 -> \i0 -> \i0 -> i1 i3 i2))) (\i0 -> \i0 -> \i0 -> i1 (\i0 -> i4 i1) (\i0 -> i3 i1))) (\i0 -> \i0 -> i5 (\i0 -> \i0 -> force (i8 i1 (delay i3) (delay (i18 (i12 i1) (i2 (i13 i1)))))) i2)) (\i0 -> \i0 -> i4 (\i0 -> \i0 -> force (i7 i1 (delay i18) (delay ((\i0 -> i6 (i10 (i12 i2)) (i18 (i12 i2) i1) (\i0 -> i2) i4) (i2 (i12 i1)))))) i2)) (\i0 -> \i0 -> \i0 -> \i0 -> i5 (\i0 -> \i0 -> force (i8 i1 (delay i5) (delay (force (i9 (equalsData (i10 (i12 i1)) i6) (delay (i4 (i11 (i12 i1)))) (delay (i2 (i13 i1)))))))) i1)) (\i0 -> (\i0 -> i2 (\i0 -> i2 i2 i1)) (\i0 -> i2 (\i0 -> i2 i2 i1)))) (force (force chooseList))) (force ifThenElse)) (force (force fstPair))) (force (force sndPair))) (force headList)) (force tailList)) (\i0 -> \i0 -> \i0 -> i4 i3 (i5 i2 i1))) (\i0 -> \i0 -> i4 (bData i2) (mapData i1))) (\i0 -> \i0 -> i3 (bData i2) (iData i1))) (\i0 -> \i0 -> i3 (mkPairData i2 i1) i4)) (force mkCons)) [  ]) #c0) #736f6d65746f6b656e))
unionWith.(+).itself (program 1.0.0 ((\i0 -> (\i0 -> (\i0 -> (\i0 -> (\i0 -> (\i0 -> (\i0 -> (\i0 -> (\i0 -> (\i0 -> (\i0 -> (\i0 -> (\i0 -> (\i0 -> (\i0 -> \i0 -> \i0 -> (\i0 -> i4 (\i0 -> \i0 -> mapData (i3 (unMapData i2) (unMapData i1)))) (\i0 -> \i0 -> i5 (\i0 -> \i0 -> iData (addInteger (unIData i2) (unIData i1))) i2 i1) i2 i1) (\i0 -> \i0 -> \i0 -> (\i0 -> i5 i1 i3 (\i0 -> \i0 -> i9 i1 (i9 i2 (i10 i4 i1)))) (\i0 -> \i0 -> i12 i2 (\i0 -> \i0 -> i2 i3) (\i0 -> \i0 -> \i0 -> i1 (i8 i4 i3)) i3))) (\i0 -> \i0 -> i9 (\i0 -> \i0 -> force (i12 i1 (delay (\i0 -> i1 i9 i9)) (delay (i2 (i17 i1) (\i0 -> \i0 -> (\i0 -> i8 (\i0 -> \i0 -> i1 (i14 (mkPairData i3 i2) i5) i4) (\i0 -> \i0 -> i1 i5 (i14 (mkPairData i3 i2) i4)) (i7 i1 (i18 (i19 i4)))) (i16 (i18 i3))))))) i1 (\i0 -> \i0 -> \i0 -> i1 i3 i2))) (\i0 -> \i0 -> \i0 -> i1 (\i0 -> i4 i1) (\i0 -> i3 i1))) (\i0 -> \i0 -> i7 (\i0 -> \i0 -> force (i10 i1 (delay i3) (delay (i7 (i14 i1) (i2 (i15 i1)))))) i2)) (\i0 -> \i0 -> i6 (\i0 -> \i0 -> force (i9 i1 (delay i5) (delay ((\i0 -> i8 (i12 (i14 i2)) (i7 (i14 i2) i1) (\i0 -> i2) i4) (i2 (i14 i1)))))) i2)) [  ]) (force mkCons)) (\i0 -> \i0 -> \i0 -> \i0 -> i5 (\i0 -> \i0 -> force (i8 i1 (delay i5) (delay (force (i9 (equalsData (i10 (i12 i1)) i6) (delay (i4 (i11 (i12 i1)))) (delay (i2 (i13 i1)))))))) i1)) (\i0 -> (\i0 -> i2 (\i0 -> i2 i2 i1)) (\i0 -> i2 (\i0 -> i2 i2 i1)))) (force (force chooseList))) (force ifThenElse)) (force (force fstPair))) (force (force sndPair))) (force headList)) (force tailList)))
unionWith.(+).applied (program 1.0.0 ((\i0 -> (\i0 -> (\i0 -> (\i0 -> (\i0 -> (\i0 -> (\i0 -> (\i0 -> (\i0 -> (\i0 -> (\i0 -> (\i0 -> (\i0 -> (\i0 -> (\i0 -> (\i0 -> (\i0 -> (\i0 -> (\i0 -> (\i0 -> (\i0 -> (\i0 -> \i0 -> (\i0 -> i4 (\i0 -> \i0 -> mapData (i3 (unMapData i2) (unMapData i1)))) (\i0 -> \i0 -> i5 (\i0 -> \i0 -> iData (addInteger (unIData i2) (unIData i1))) i2 i1) i2 i1) (i14 i20 i21 1) (i14 i20 i21 1)) (\i0 -> \i0 -> \i0 -> (\i0 -> i5 i1 i3 (\i0 -> \i0 -> i9 i1 (i9 i2 (i10 i4 i1)))) (\i0 -> \i0 -> i10 i2 (\i0 -> \i0 -> i2 i3) (\i0 -> \i0 -> \i0 -> i1 (i8 i4 i3)) i3))) (\i0 -> \i0 -> i7 (\i0 -> \i0 -> force (i10 i1 (delay (\i0 -> i1 i22 i22)) (delay (i2 (i15 i1) (\i0 -> \i0 -> (\i0 -> i8 (\i0 -> \i0 -> i1 (i25 (mkPairData i3 i2) i5) i4) (\i0 -> \i0 -> i1 i5 (i25 (mkPairData i3 i2) i4)) (i7 i1 (i16 (i17 i4)))) (i14 (i16 i3))))))) i1 (\i0 -> \i0 -> \i0 -> i1 i3 i2))) (\i0 -> \i0 -> \i0 -> i1 (\i0 -> i4 i1) (\i0 -> i3 i1))) (\i0 -> \i0 -> i5 (\i0 -> \i0 -> force (i8 i1 (delay i3) (delay (i18 (i12 i1) (i2 (i13 i1)))))) i2)) (\i0 -> \i0 -> i4 (\i0 -> \i0 -> force (i7 i1 (delay i18) (delay ((\i0 -> i6 (i10 (i12 i2)) (i18 (i12 i2) i1) (\i0 -> i2) i4) (i2 (i12 i1)))))) i2)) (\i0 -> \i0 -> \i0 -> \i0 -> i5 (\i0 -> \i0 -> force (i8 i1 (delay i5) (delay (force (i9 (equalsData (i10 (i12 i1)) i6) (delay (i4 (i11 (i12 i1)))) (delay (i2 (i13 i1)))))))) i1)) (\i0 -> (\i0 -> i2 (\i0 -> i2 i2 i1)) (\i0 -> i2 (\i0 -> i2 i2 i1)))) (force (force chooseList))) (force ifThenElse)) (force (force fstPair))) (force (force sndPair))) (force headList)) (force tailList)) (\i0 -> \i0 -> \i0 -> i4 i3 (i5 i2 i1))) (\i0 -> \i0 -> i4 (bData i2) (mapData i1))) (\i0 -> \i0 -> i3 (bData i2) (iData i1))) (\i0 -> \i0 -> i3 (mkPairData i2 i1) i4)) (force mkCons)) [  ]) #c0) #736f6d65746f6b656e))
unionWith.tokens (program 1.0.0 ((\i0 -> (\i0 -> (\i0 -> (\i0 -> (\i0 -> (\i0 -> (\i0 -> (\i0 -> (\i0 -> (\i0 -> (\i0 -> (\i0 -> (\i0 -> (\i0 -> (\i0 -> (\i0 -> (\i0 -> (\i0 -> (\i0 -> (\i0 -> (\i0 -> \i0 -> (\i0 -> i4 (\i0 -> \i0 -> mapData (i3 (unMapData i2) (unMapData i1)))) (\i0 -> \i0 -> i5 (\i0 -> \i0 -> iData (addInteger (unIData i2) (unIData i1))) i2 i1) i2 i1) (i14 i20 #736f6d65746f6b656e 1) (i14 i20 #6f74686572746f6b656e 1)) (\i0 -> \i0 -> \i0 -> (\i0 -> i5 i1 i3 (\i0 -> \i0 -> i9 i1 (i9 i2 (i10 i4 i1)))) (\i0 -> \i0 -> i10 i2 (\i0 -> \i0 -> i2 i3) (\i0 -> \i0 -> \i0 -> i1 (i8 i4 i3)) i3))) (\i0 -> \i0 -> i7 (\i0 -> \i0 -> force (i10 i1 (delay (\i0 -> i1 i22 i22)) (delay (i2 (i15 i1) (\i0 -> \i0 -> (\i0 -> i8 (\i0 -> \i0 -> i1 (i25 (mkPairData i3 i2) i5) i4) (\i0 -> \i0 -> i1 i5 (i25 (mkPairData i3 i2) i4)) (i7 i1 (i16 (i17 i4)))) (i14 (i16 i3))))))) i1 (\i0 -> \i0 -> \i0 -> i1 i3 i2))) (\i0 -> \i0 -> \i0 -> i1 (\i0 -> i4 i1) (\i0 -> i3 i1))) (\i0 -> \i0 -> i5 (\i0 -> \i0 -> force (i8 i1 (delay i3) (delay (i18 (i12 i1) (i2 (i13 i1)))))) i2)) (\i0 -> \i0 -> i4 (\i0 -> \i0 -> force (i7 i1 (delay i18) (delay ((\i0 -> i6 (i10 (i12 i2)) (i18 (i12 i2) i1) (\i0 -> i2) i4) (i2 (i12 i1)))))) i2)) (\i0 -> \i0 -> \i0 -> \i0 -> i5 (\i0 -> \i0 -> force (i8 i1 (delay i5) (delay (force (i9 (equalsData (i10 (i12 i1)) i6) (delay (i4 (i11 (i12 i1)))) (delay (i2 (i13 i1)))))))) i1)) (\i0 -> (\i0 -> i2 (\i0 -> i2 i2 i1)) (\i0 -> i2 (\i0 -> i2 i2 i1)))) (force (force chooseList))) (force ifThenElse)) (force (force fstPair))) (force (force sndPair))) (force headList)) (force tailList)) (\i0 -> \i0 -> \i0 -> i4 i3 (i5 i2 i1))) (\i0 -> \i0 -> i4 (bData i2) (mapData i1))) (\i0 -> \i0 -> i3 (bData i2) (iData i1))) (\i0 -> \i0 -> i3 (mkPairData i2 i1) i4)) (force mkCons)) [  ]) #c0))
unionWith.symbols (program 1.0.0 ((\i0 -> (\i0 -> (\i0 -> (\i0 -> (\i0 -> (\i0 -> (\i0 -> (\i0 -> (\i0 -> (\i0 -> (\i0 -> (\i0 -> (\i0 -> (\i0 -> (\i0 -> (\i0 -> (\i0 -> (\i0 -> (\i0 -> (\i0 -> (\i0 -> \i0 -> (\i0 -> i4 (\i0 -> \i0 -> mapData (i3 (unMapData i2) (unMapData i1)))) (\i0 -> \i0 -> i5 (\i0 -> \i0 -> iData (addInteger (unIData i2) (unIData i1))) i2 i1) i2 i1) (i14 #c0 i20 1) (i14 #c2 i20 1)) (\i0 -> \i0 -> \i0 -> (\i0 -> i5 i1 i3 (\i0 -> \i0 -> i9 i1 (i9 i2 (i10 i4 i1)))) (\i0 -> \i0 -> i10 i2 (\i0 -> \i0 -> i2 i3) (\i0 -> \i0 -> \i0 -> i1 (i8 i4 i3)) i3))) (\i0 -> \i0 -> i7 (\i0 -> \i0 -> force (i10 i1 (delay (\i0 -> i1 i22 i22)) (delay (i2 (i15 i1) (\i0 -> \i0 -> (\i0 -> i8 (\i0 -> \i0 -> i1 (i25 (mkPairData i3 i2) i5) i4) (\i0 -> \i0 -> i1 i5 (i25 (mkPairData i3 i2) i4)) (i7 i1 (i16 (i17 i4)))) (i14 (i16 i3))))))) i1 (\i0 -> \i0 -> \i0 -> i1 i3 i2))) (\i0 -> \i0 -> \i0 -> i1 (\i0 -> i4 i1) (\i0 -> i3 i1))) (\i0 -> \i0 -> i5 (\i0 -> \i0 -> force (i8 i1 (delay i3) (delay (i18 (i12 i1) (i2 (i13 i1)))))) i2)) (\i0 -> \i0 -> i4 (\i0 -> \i0 -> force (i7 i1 (delay i18) (delay ((\i0 -> i6 (i10 (i12 i2)) (i18 (i12 i2) i1) (\i0 -> i2) i4) (i2 (i12 i1)))))) i2)) (\i0 -> \i0 -> \i0 -> \i0 -> i5 (\i0 -> \i0 -> force (i8 i1 (delay i5) (delay (force (i9 (equalsData (i10 (i12 i1)) i6) (delay (i4 (i11 (i12 i1)))) (delay (i2 (i13 i1)))))))) i1)) (\i0 -> (\i0 -> i2 (\i0 -> i2 i2 i1)) (\i0 -> i2 (\i0 -> i2 i2 i1)))) (force (force chooseList))) (force ifThenElse)) (force (force fstPair))) (force (force sndPair))) (force headList)) (force tailList)) (\i0 -> \i0 -> \i0 -> i4 i3 (i5 i2 i1))) (\i0 -> \i0 -> i4 (bData i2) (mapData i1))) (\i0 -> \i0 -> i3 (bData i2) (iData i1))) (\i0 -> \i0 -> i3 (mkPairData i2 i1) i4)) (force mkCons)) [  ]) #736f6d65746f6b656e))
unionWithData const.itself (program 1.0.0 ((\i0 -> (\i0 -> (\i0 -> (\i0 -> (\i0 -> (\i0 -> (\i0 -> (\i0 -> (\i0 -> (\i0 -> (\i0 -> (\i0 -> (\i0 -> (\i0 -> (\i0 -> \i0 -> \i0 -> \i0 -> (\i0 -> i5 (\i0 -> \i0 -> mapData (i3 (unMapData i2) (unMapData i1)))) (\i0 -> \i0 -> i6 i5 i2 i1) i2 i1) (\i0 -> \i0 -> \i0 -> (\i0 -> i5 i1 i3 (\i0 -> \i0 -> i9 i1 (i9 i2 (i10 i4 i1)))) (\i0 -> \i0 -> i12 i2 (\i0 -> \i0 -> i2 i3) (\i0 -> \i0 -> \i0 -> i1 (i8 i4 i3)) i3))) (\i0 -> \i0 -> i9 (\i0 -> \i0 -> force (i12 i1 (delay (\i0 -> i1 i9 i9)) (delay (i2 (i17 i1) (\i0 -> \i0 -> (\i0 -> i8 (\i0 -> \i0 -> i1 (i14 (mkPairData i3 i2) i5) i4) (\i0 -> \i0 -> i1 i5 (i14 (mkPairData i3 i2) i4)) (i7 i1 (i18 (i19 i4)))) (i16 (i18 i3))))))) i1 (\i0 -> \i0 -> \i0 -> i1 i3 i2))) (\i0 -> \i0 -> \i0 -> i1 (\i0 -> i4 i1) (\i0 -> i3 i1))) (\i0 -> \i0 -> i7 (\i0 -> \i0 -> force (i10 i1 (delay i3) (delay (i7 (i14 i1) (i2 (i15 i1)))))) i2)) (\i0 -> \i0 -> i6 (\i0 -> \i0 -> force (i9 i1 (delay i5) (delay ((\i0 -> i8 (i12 (i14 i2)) (i7 (i14 i2) i1) (\i0 -> i2) i4) (i2 (i14 i1)))))) i2)) [  ]) (force mkCons)) (\i0 -> \i0 -> \i0 -> \i0 -> i5 (\i0 -> \i0 -> force (i8 i1 (delay i5) (delay (force (i9 (equalsData (i10 (i12 i1)) i6) (delay (i4 (i11 (i12 i1)))) (delay (i2 (i13 i1)))))))) i1)) (\i0 -> (\i0 -> i2 (\i0 -> i2 i2 i1)) (\i0 -> i2 (\i0 -> i2 i2 i1)))) (force (force chooseList))) (force ifThenElse)) (force (force fstPair))) (force (force sndPair))) (force headList)) (force tailList)))
unionWithData const.applied (program 1.0.0 ((\i0 -> (\i0 -> (\i0 -> (\i0 -> (\i0 -> (\i0 -> (\i0 -> (\i0 -> (\i0 -> (\i0 -> (\i0 -> (\i0 -> (\i0 -> (\i0 -> (\i0 -> (\i0 -> (\i0 -> (\i0 -> (\i0 -> (\i0 -> (\i0 -> (\i0 -> \i0 -> \i0 -> (\i0 -> i5 (\i0 -> \i0 -> mapData (i3 (unMapData i2) (unMapData i1)))) (\i0 -> \i0 -> i6 i5 i2 i1) i2 i1) (\i0 -> \i0 -> i2) (i14 i20 i21 1) (i14 i20 i21 1)) (\i0 -> \i0 -> \i0 -> (\i0 -> i5 i1 i3 (\i0 -> \i0 -> i9 i1 (i9 i2 (i10 i4 i1)))) (\i0 -> \i0 -> i10 i2 (\i0 -> \i0 -> i2 i3) (\i0 -> \i0 -> \i0 -> i1 (i8 i4 i3)) i3))) (\i0 -> \i0 -> i7 (\i0 -> \i0 -> force (i10 i1 (delay (\i0 -> i1 i22 i22)) (delay (i2 (i15 i1) (\i0 -> \i0 -> (\i0 -> i8 (\i0 -> \i0 -> i1 (i25 (mkPairData i3 i2) i5) i4) (\i0 -> \i0 -> i1 i5 (i25 (mkPairData i3 i2) i4)) (i7 i1 (i16 (i17 i4)))) (i14 (i16 i3))))))) i1 (\i0 -> \i0 -> \i0 -> i1 i3 i2))) (\i0 -> \i0 -> \i0 -> i1 (\i0 -> i4 i1) (\i0 -> i3 i1))) (\i0 -> \i0 -> i5 (\i0 -> \i0 -> force (i8 i1 (delay i3) (delay (i18 (i12 i1) (i2 (i13 i1)))))) i2)) (\i0 -> \i0 -> i4 (\i0 -> \i0 -> force (i7 i1 (delay i18) (delay ((\i0 -> i6 (i10 (i12 i2)) (i18 (i12 i2) i1) (\i0 -> i2) i4) (i2 (i12 i1)))))) i2)) (\i0 -> \i0 -> \i0 -> \i0 -> i5 (\i0 -> \i0 -> force (i8 i1 (delay i5) (delay (force (i9 (equalsData (i10 (i12 i1)) i6) (delay (i4 (i11 (i12 i1)))) (delay (i2 (i13 i1)))))))) i1)) (\i0 -> (\i0 -> i2 (\i0 -> i2 i2 i1)) (\i0 -> i2 (\i0 -> i2 i2 i1)))) (force (force chooseList))) (force ifThenElse)) (force (force fstPair))) (force (force sndPair))) (force headList)) (force tailList)) (\i0 -> \i0 -> \i0 -> i4 i3 (i5 i2 i1))) (\i0 -> \i0 -> i4 (bData i2) (mapData i1))) (\i0 -> \i0 -> i3 (bData i2) (iData i1))) (\i0 -> \i0 -> i3 (mkPairData i2 i1) i4)) (force mkCons)) [  ]) #c0) #736f6d65746f6b656e))
isZero.itself (program 1.0.0 ((\i0 -> (\i0 -> (\i0 -> (\i0 -> (\i0 -> (\i0 -> (\i0 -> (\i0 -> (\i0 -> \i0 -> (\i0 -> \i0 -> i4 (\i0 -> i3 (unMapData (i13 i1))) i1) ((\i0 -> \i0 -> i4 (\i0 -> i3 (unIData (i13 i1))) i1) (\i0 -> equalsInteger i1 0)) i1) (\i0 -> i2 (\i0 -> \i0 -> force (i5 i1 (delay True) (delay (force (i6 (i3 (i9 i1)) (delay (i2 (i10 i1)))))))))) (\i0 -> (\i0 -> i2 (\i0 -> i2 i2 i1)) (\i0 -> i2 (\i0 -> i2 i2 i1)))) (force (force chooseList))) (\i0 -> \i0 -> i3 i2 i1 i4)) (force ifThenElse)) (delay False)) (force headList)) (force tailList)) (force (force sndPair))))
isZero.true (program 1.0.0 ((\i0 -> (\i0 -> (\i0 -> (\i0 -> (\i0 -> (\i0 -> (\i0 -> (\i0 -> (\i0 -> (\i0 -> (\i0 -> (\i0 -> (\i0 -> (\i0 -> (\i0 -> (\i0 -> (\i0 -> (\i0 -> (\i0 -> (\i0 -> (\i0 -> (\i0 -> (\i0 -> (\i0 -> (\i0 -> (\i0 -> \i0 -> i4 (\i0 -> i3 (unMapData (i18 i1))) i1) ((\i0 -> \i0 -> i4 (\i0 -> i3 (unIData (i18 i1))) i1) (\i0 -> equalsInteger i1 0)) i1) ((\i0 -> \i0 -> (\i0 -> i7 (\i0 -> \i0 -> mapData (i3 (unMapData i2) (unMapData i1)))) (\i0 -> \i0 -> i8 (\i0 -> \i0 -> iData (subtractInteger (unIData i2) (unIData i1))) i2 i1) i2 i1) (i17 i23 i24 1) (i17 i23 i24 1))) (\i0 -> i10 (\i0 -> \i0 -> force (i13 i1 (delay True) (delay (force (i4 (i3 (i17 i1)) (delay (i2 (i18 i1)))))))))) (\i0 -> \i0 -> i12 i2 i1 i3)) (delay False)) (\i0 -> \i0 -> \i0 -> (\i0 -> i5 i1 i3 (\i0 -> \i0 -> i9 i1 (i9 i2 (i10 i4 i1)))) (\i0 -> \i0 -> i10 i2 (\i0 -> \i0 -> i2 i3) (\i0 -> \i0 -> \i0 -> i1 (i8 i4 i3)) i3))) (\i0 -> \i0 -> i7 (\i0 -> \i0 -> force (i10 i1 (delay (\i0 -> i1 i22 i22)) (delay (i2 (i15 i1) (\i0 -> \i0 -> (\i0 -> i8 (\i0 -> \i0 -> i1 (i25 (mkPairData i3 i2) i5) i4) (\i0 -> \i0 -> i1 i5 (i25 (mkPairData i3 i2) i4)) (i7 i1 (i16 (i17 i4)))) (i14 (i16 i3))))))) i1 (\i0 -> \i0 -> \i0 -> i1 i3 i2))) (\i0 -> \i0 -> \i0 -> i1 (\i0 -> i4 i1) (\i0 -> i3 i1))) (\i0 -> \i0 -> i5 (\i0 -> \i0 -> force (i8 i1 (delay i3) (delay (i18 (i12 i1) (i2 (i13 i1)))))) i2)) (\i0 -> \i0 -> i4 (\i0 -> \i0 -> force (i7 i1 (delay i18) (delay ((\i0 -> i6 (i10 (i12 i2)) (i18 (i12 i2) i1) (\i0 -> i2) i4) (i2 (i12 i1)))))) i2)) (\i0 -> \i0 -> \i0 -> \i0 -> i5 (\i0 -> \i0 -> force (i8 i1 (delay i5) (delay (force (i9 (equalsData (i10 (i12 i1)) i6) (delay (i4 (i11 (i12 i1)))) (delay (i2 (i13 i1)))))))) i1)) (\i0 -> (\i0 -> i2 (\i0 -> i2 i2 i1)) (\i0 -> i2 (\i0 -> i2 i2 i1)))) (force (force chooseList))) (force ifThenElse)) (force (force fstPair))) (force (force sndPair))) (force headList)) (force tailList)) (\i0 -> \i0 -> \i0 -> i4 i3 (i5 i2 i1))) (\i0 -> \i0 -> i4 (bData i2) (mapData i1))) (\i0 -> \i0 -> i3 (bData i2) (iData i1))) (\i0 -> \i0 -> i3 (mkPairData i2 i1) i4)) (force mkCons)) [  ]) #c0) #736f6d65746f6b656e))
isZero.false (program 1.0.0 ((\i0 -> (\i0 -> (\i0 -> (\i0 -> (\i0 -> (\i0 -> (\i0 -> (\i0 -> (\i0 -> (\i0 -> (\i0 -> (\i0 -> (\i0 -> (\i0 -> \i0 -> i4 (\i0 -> i3 (unMapData (i13 i1))) i1) ((\i0 -> \i0 -> i4 (\i0 -> i3 (unIData (i13 i1))) i1) (\i0 -> equalsInteger i1 0)) i1) ((\i0 -> \i0 -> \i0 -> (\i0 -> i14 (bData i4) (mapData i1)) (i13 (bData i2) (iData i1))) #c0 #736f6d65746f6b656e 1)) (\i0 -> i2 (\i0 -> \i0 -> force (i5 i1 (delay True) (delay (force (i6 (i3 (i9 i1)) (delay (i2 (i10 i1)))))))))) (\i0 -> (\i0 -> i2 (\i0 -> i2 i2 i1)) (\i0 -> i2 (\i0 -> i2 i2 i1)))) (force (force chooseList))) (\i0 -> \i0 -> i3 i2 i1 i4)) (force ifThenElse)) (delay False)) (force headList)) (force tailList)) (force (force sndPair))) (\i0 -> \i0 -> i3 (mkPairData i2 i1) i4)) (force mkCons)) [  ]))
equality.itself (program 1.0.0 ((\i0 -> (\i0 -> (\i0 -> (\i0 -> (\i0 -> (\i0 -> (\i0 -> (\i0 -> (\i0 -> (\i0 -> (\i0 -> (\i0 -> (\i0 -> (\i0 -> (\i0 -> (\i0 -> (\i0 -> (\i0 -> \i0 -> \i0 -> (\i0 -> (\i0 -> \i0 -> i6 (\i0 -> i3 (unMapData (i22 i1))) i1) ((\i0 -> \i0 -> i6 (\i0 -> i3 (unIData (i22 i1))) i1) (\i0 -> equalsInteger i1 0)) i1) ((\i0 -> i7 (\i0 -> \i0 -> mapData (i3 (unMapData i2) (unMapData i1)))) (\i0 -> \i0 -> i8 (\i0 -> \i0 -> iData (subtractInteger (unIData i2) (unIData i1))) i2 i1) i2 i1)) (\i0 -> i12 (\i0 -> \i0 -> force (i15 i1 (delay True) (delay (force (i4 (i3 (i19 i1)) (delay (i2 (i20 i1)))))))))) (\i0 -> \i0 -> i14 i2 i1 i3)) (delay False)) (\i0 -> \i0 -> \i0 -> (\i0 -> i5 i1 i3 (\i0 -> \i0 -> i9 i1 (i9 i2 (i10 i4 i1)))) (\i0 -> \i0 -> i12 i2 (\i0 -> \i0 -> i2 i3) (\i0 -> \i0 -> \i0 -> i1 (i8 i4 i3)) i3))) (\i0 -> \i0 -> i9 (\i0 -> \i0 -> force (i12 i1 (delay (\i0 -> i1 i9 i9)) (delay (i2 (i17 i1) (\i0 -> \i0 -> (\i0 -> i8 (\i0 -> \i0 -> i1 (i14 (mkPairData i3 i2) i5) i4) (\i0 -> \i0 -> i1 i5 (i14 (mkPairData i3 i2) i4)) (i7 i1 (i18 (i19 i4)))) (i16 (i18 i3))))))) i1 (\i0 -> \i0 -> \i0 -> i1 i3 i2))) (\i0 -> \i0 -> \i0 -> i1 (\i0 -> i4 i1) (\i0 -> i3 i1))) (\i0 -> \i0 -> i7 (\i0 -> \i0 -> force (i10 i1 (delay i3) (delay (i7 (i14 i1) (i2 (i15 i1)))))) i2)) (\i0 -> \i0 -> i6 (\i0 -> \i0 -> force (i9 i1 (delay i5) (delay ((\i0 -> i8 (i12 (i14 i2)) (i7 (i14 i2) i1) (\i0 -> i2) i4) (i2 (i14 i1)))))) i2)) [  ]) (force mkCons)) (\i0 -> \i0 -> \i0 -> \i0 -> i5 (\i0 -> \i0 -> force (i8 i1 (delay i5) (delay (force (i9 (equalsData (i10 (i12 i1)) i6) (delay (i4 (i11 (i12 i1)))) (delay (i2 (i13 i1)))))))) i1)) (\i0 -> (\i0 -> i2 (\i0 -> i2 i2 i1)) (\i0 -> i2 (\i0 -> i2 i2 i1)))) (force (force chooseList))) (force ifThenElse)) (force (force fstPair))) (force (force sndPair))) (force headList)) (force tailList)))
equality.triviallyTrue (program 1.0.0 ((\i0 -> (\i0 -> (\i0 -> (\i0 -> (\i0 -> (\i0 -> (\i0 -> (\i0 -> (\i0 -> (\i0 -> (\i0 -> (\i0 -> (\i0 -> (\i0 -> (\i0 -> (\i0 -> (\i0 -> (\i0 -> (\i0 -> (\i0 -> (\i0 -> (\i0 -> (\i0 -> (\i0 -> (\i0 -> (\i0 -> \i0 -> i4 (\i0 -> i3 (unMapData (i18 i1))) i1) ((\i0 -> \i0 -> i4 (\i0 -> i3 (unIData (i18 i1))) i1) (\i0 -> equalsInteger i1 0)) i1) ((\i0 -> \i0 -> (\i0 -> i7 (\i0 -> \i0 -> mapData (i3 (unMapData i2) (unMapData i1)))) (\i0 -> \i0 -> i8 (\i0 -> \i0 -> iData (subtractInteger (unIData i2) (unIData i1))) i2 i1) i2 i1) (i17 i23 i24 1) (i17 i23 i24 1))) (\i0 -> i10 (\i0 -> \i0 -> force (i13 i1 (delay True) (delay (force (i4 (i3 (i17 i1)) (delay (i2 (i18 i1)))))))))) (\i0 -> \i0 -> i12 i2 i1 i3)) (delay False)) (\i0 -> \i0 -> \i0 -> (\i0 -> i5 i1 i3 (\i0 -> \i0 -> i9 i1 (i9 i2 (i10 i4 i1)))) (\i0 -> \i0 -> i10 i2 (\i0 -> \i0 -> i2 i3) (\i0 -> \i0 -> \i0 -> i1 (i8 i4 i3)) i3))) (\i0 -> \i0 -> i7 (\i0 -> \i0 -> force (i10 i1 (delay (\i0 -> i1 i22 i22)) (delay (i2 (i15 i1) (\i0 -> \i0 -> (\i0 -> i8 (\i0 -> \i0 -> i1 (i25 (mkPairData i3 i2) i5) i4) (\i0 -> \i0 -> i1 i5 (i25 (mkPairData i3 i2) i4)) (i7 i1 (i16 (i17 i4)))) (i14 (i16 i3))))))) i1 (\i0 -> \i0 -> \i0 -> i1 i3 i2))) (\i0 -> \i0 -> \i0 -> i1 (\i0 -> i4 i1) (\i0 -> i3 i1))) (\i0 -> \i0 -> i5 (\i0 -> \i0 -> force (i8 i1 (delay i3) (delay (i18 (i12 i1) (i2 (i13 i1)))))) i2)) (\i0 -> \i0 -> i4 (\i0 -> \i0 -> force (i7 i1 (delay i18) (delay ((\i0 -> i6 (i10 (i12 i2)) (i18 (i12 i2) i1) (\i0 -> i2) i4) (i2 (i12 i1)))))) i2)) (\i0 -> \i0 -> \i0 -> \i0 -> i5 (\i0 -> \i0 -> force (i8 i1 (delay i5) (delay (force (i9 (equalsData (i10 (i12 i1)) i6) (delay (i4 (i11 (i12 i1)))) (delay (i2 (i13 i1)))))))) i1)) (\i0 -> (\i0 -> i2 (\i0 -> i2 i2 i1)) (\i0 -> i2 (\i0 -> i2 i2 i1)))) (force (force chooseList))) (force ifThenElse)) (force (force fstPair))) (force (force sndPair))) (force headList)) (force tailList)) (\i0 -> \i0 -> \i0 -> i4 i3 (i5 i2 i1))) (\i0 -> \i0 -> i4 (bData i2) (mapData i1))) (\i0 -> \i0 -> i3 (bData i2) (iData i1))) (\i0 -> \i0 -> i3 (mkPairData i2 i1) i4)) (force mkCons)) [  ]) #c0) #736f6d65746f6b656e))
equality.triviallyFalse (program 1.0.0 ((\i0 -> (\i0 -> (\i0 -> (\i0 -> (\i0 -> (\i0 -> (\i0 -> (\i0 -> (\i0 -> (\i0 -> (\i0 -> (\i0 -> (\i0 -> (\i0 -> (\i0 -> (\i0 -> (\i0 -> (\i0 -> (\i0 -> (\i0 -> (\i0 -> (\i0 -> (\i0 -> (\i0 -> (\i0 -> \i0 -> i4 (\i0 -> i3 (unMapData (i18 i1))) i1) ((\i0 -> \i0 -> i4 (\i0 -> i3 (unIData (i18 i1))) i1) (\i0 -> equalsInteger i1 0)) i1) ((\i0 -> \i0 -> (\i0 -> i7 (\i0 -> \i0 -> mapData (i3 (unMapData i2) (unMapData i1)))) (\i0 -> \i0 -> i8 (\i0 -> \i0 -> iData (subtractInteger (unIData i2) (unIData i1))) i2 i1) i2 i1) (i17 i23 #736f6d65746f6b656e 1) (i17 i23 #6f74686572746f6b656e 1))) (\i0 -> i10 (\i0 -> \i0 -> force (i13 i1 (delay True) (delay (force (i4 (i3 (i17 i1)) (delay (i2 (i18 i1)))))))))) (\i0 -> \i0 -> i12 i2 i1 i3)) (delay False)) (\i0 -> \i0 -> \i0 -> (\i0 -> i5 i1 i3 (\i0 -> \i0 -> i9 i1 (i9 i2 (i10 i4 i1)))) (\i0 -> \i0 -> i10 i2 (\i0 -> \i0 -> i2 i3) (\i0 -> \i0 -> \i0 -> i1 (i8 i4 i3)) i3))) (\i0 -> \i0 -> i7 (\i0 -> \i0 -> force (i10 i1 (delay (\i0 -> i1 i22 i22)) (delay (i2 (i15 i1) (\i0 -> \i0 -> (\i0 -> i8 (\i0 -> \i0 -> i1 (i25 (mkPairData i3 i2) i5) i4) (\i0 -> \i0 -> i1 i5 (i25 (mkPairData i3 i2) i4)) (i7 i1 (i16 (i17 i4)))) (i14 (i16 i3))))))) i1 (\i0 -> \i0 -> \i0 -> i1 i3 i2))) (\i0 -> \i0 -> \i0 -> i1 (\i0 -> i4 i1) (\i0 -> i3 i1))) (\i0 -> \i0 -> i5 (\i0 -> \i0 -> force (i8 i1 (delay i3) (delay (i18 (i12 i1) (i2 (i13 i1)))))) i2)) (\i0 -> \i0 -> i4 (\i0 -> \i0 -> force (i7 i1 (delay i18) (delay ((\i0 -> i6 (i10 (i12 i2)) (i18 (i12 i2) i1) (\i0 -> i2) i4) (i2 (i12 i1)))))) i2)) (\i0 -> \i0 -> \i0 -> \i0 -> i5 (\i0 -> \i0 -> force (i8 i1 (delay i5) (delay (force (i9 (equalsData (i10 (i12 i1)) i6) (delay (i4 (i11 (i12 i1)))) (delay (i2 (i13 i1)))))))) i1)) (\i0 -> (\i0 -> i2 (\i0 -> i2 i2 i1)) (\i0 -> i2 (\i0 -> i2 i2 i1)))) (force (force chooseList))) (force ifThenElse)) (force (force fstPair))) (force (force sndPair))) (force headList)) (force tailList)) (\i0 -> \i0 -> \i0 -> i4 i3 (i5 i2 i1))) (\i0 -> \i0 -> i4 (bData i2) (mapData i1))) (\i0 -> \i0 -> i3 (bData i2) (iData i1))) (\i0 -> \i0 -> i3 (mkPairData i2 i1) i4)) (force mkCons)) [  ]) #c0))
equality.swappedTokensTrue (program 1.0.0 ((\i0 -> (\i0 -> (\i0 -> (\i0 -> (\i0 -> (\i0 -> (\i0 -> (\i0 -> (\i0 -> (\i0 -> (\i0 -> (\i0 -> (\i0 -> (\i0 -> (\i0 -> (\i0 -> (\i0 -> (\i0 -> (\i0 -> (\i0 -> (\i0 -> (\i0 -> (\i0 -> (\i0 -> (\i0 -> (\i0 -> (\i0 -> (\i0 -> (\i0 -> (\i0 -> \i0 -> i4 (\i0 -> i3 (unMapData (i21 i1))) i1) ((\i0 -> \i0 -> i4 (\i0 -> i3 (unIData (i21 i1))) i1) (\i0 -> equalsInteger i1 0)) i1) (i4 subtractInteger (i4 addInteger (i21 i27 i28 1) (i21 i27 i20 1)) (i4 addInteger (i21 i27 i20 1) (i21 i27 i28 1)))) (\i0 -> i13 (\i0 -> \i0 -> force (i16 i1 (delay True) (delay (force (i4 (i3 (i20 i1)) (delay (i2 (i21 i1)))))))))) (\i0 -> \i0 -> i15 i2 i1 i3)) (delay False)) (\i0 -> \i0 -> \i0 -> i4 (\i0 -> \i0 -> i7 i5 i2 i1) i2 i1)) (\i0 -> i3 (\i0 -> \i0 -> mapData (i3 (unMapData i2) (unMapData i1))))) (\i0 -> i2 (\i0 -> \i0 -> iData (i3 (unIData i2) (unIData i1))))) (\i0 -> \i0 -> \i0 -> (\i0 -> i5 i1 i3 (\i0 -> \i0 -> i9 i1 (i9 i2 (i10 i4 i1)))) (\i0 -> \i0 -> i10 i2 (\i0 -> \i0 -> i2 i3) (\i0 -> \i0 -> \i0 -> i1 (i8 i4 i3)) i3))) (\i0 -> \i0 -> i7 (\i0 -> \i0 -> force (i10 i1 (delay (\i0 -> i1 i23 i23)) (delay (i2 (i15 i1) (\i0 -> \i0 -> (\i0 -> i8 (\i0 -> \i0 -> i1 (i26 (mkPairData i3 i2) i5) i4) (\i0 -> \i0 -> i1 i5 (i26 (mkPairData i3 i2) i4)) (i7 i1 (i16 (i17 i4)))) (i14 (i16 i3))))))) i1 (\i0 -> \i0 -> \i0 -> i1 i3 i2))) (\i0 -> \i0 -> \i0 -> i1 (\i0 -> i4 i1) (\i0 -> i3 i1))) (\i0 -> \i0 -> i5 (\i0 -> \i0 -> force (i8 i1 (delay i3) (delay (i19 (i12 i1) (i2 (i13 i1)))))) i2)) (\i0 -> \i0 -> i4 (\i0 -> \i0 -> force (i7 i1 (delay i19) (delay ((\i0 -> i6 (i10 (i12 i2)) (i19 (i12 i2) i1) (\i0 -> i2) i4) (i2 (i12 i1)))))) i2)) (\i0 -> \i0 -> \i0 -> \i0 -> i5 (\i0 -> \i0 -> force (i8 i1 (delay i5) (delay (force (i9 (equalsData (i10 (i12 i1)) i6) (delay (i4 (i11 (i12 i1)))) (delay (i2 (i13 i1)))))))) i1)) (\i0 -> (\i0 -> i2 (\i0 -> i2 i2 i1)) (\i0 -> i2 (\i0 -> i2 i2 i1)))) (force (force chooseList))) (force ifThenElse)) (force (force fstPair))) (force (force sndPair))) (force headList)) (force tailList)) #6f74686572746f6b656e) (\i0 -> \i0 -> \i0 -> i4 i3 (i5 i2 i1))) (\i0 -> \i0 -> i4 (bData i2) (mapData i1))) (\i0 -> \i0 -> i3 (bData i2) (iData i1))) (\i0 -> \i0 -> i3 (mkPairData i2 i1) i4)) (force mkCons)) [  ]) #c0) #736f6d65746f6b656e))
equality.swappedSymbolsTrue (program 1.0.0 ((\i0 -> (\i0 -> (\i0 -> (\i0 -> (\i0 -> (\i0 -> (\i0 -> (\i0 -> (\i0 -> (\i0 -> (\i0 -> (\i0 -> (\i0 -> (\i0 -> (\i0 -> (\i0 -> (\i0 -> (\i0 -> (\i0 -> (\i0 -> (\i0 -> (\i0 -> (\i0 -> (\i0 -> (\i0 -> (\i0 -> (\i0 -> (\i0 -> (\i0 -> (\i0 -> \i0 -> i4 (\i0 -> i3 (unMapData (i21 i1))) i1) ((\i0 -> \i0 -> i4 (\i0 -> i3 (unIData (i21 i1))) i1) (\i0 -> equalsInteger i1 0)) i1) (i4 subtractInteger (i4 addInteger (i21 i27 i28 1) (i21 i20 i28 1)) (i4 addInteger (i21 i20 i28 1) (i21 i27 i28 1)))) (\i0 -> i13 (\i0 -> \i0 -> force (i16 i1 (delay True) (delay (force (i4 (i3 (i20 i1)) (delay (i2 (i21 i1)))))))))) (\i0 -> \i0 -> i15 i2 i1 i3)) (delay False)) (\i0 -> \i0 -> \i0 -> i4 (\i0 -> \i0 -> i7 i5 i2 i1) i2 i1)) (\i0 -> i3 (\i0 -> \i0 -> mapData (i3 (unMapData i2) (unMapData i1))))) (\i0 -> i2 (\i0 -> \i0 -> iData (i3 (unIData i2) (unIData i1))))) (\i0 -> \i0 -> \i0 -> (\i0 -> i5 i1 i3 (\i0 -> \i0 -> i9 i1 (i9 i2 (i10 i4 i1)))) (\i0 -> \i0 -> i10 i2 (\i0 -> \i0 -> i2 i3) (\i0 -> \i0 -> \i0 -> i1 (i8 i4 i3)) i3))) (\i0 -> \i0 -> i7 (\i0 -> \i0 -> force (i10 i1 (delay (\i0 -> i1 i23 i23)) (delay (i2 (i15 i1) (\i0 -> \i0 -> (\i0 -> i8 (\i0 -> \i0 -> i1 (i26 (mkPairData i3 i2) i5) i4) (\i0 -> \i0 -> i1 i5 (i26 (mkPairData i3 i2) i4)) (i7 i1 (i16 (i17 i4)))) (i14 (i16 i3))))))) i1 (\i0 -> \i0 -> \i0 -> i1 i3 i2))) (\i0 -> \i0 -> \i0 -> i1 (\i0 -> i4 i1) (\i0 -> i3 i1))) (\i0 -> \i0 -> i5 (\i0 -> \i0 -> force (i8 i1 (delay i3) (delay (i19 (i12 i1) (i2 (i13 i1)))))) i2)) (\i0 -> \i0 -> i4 (\i0 -> \i0 -> force (i7 i1 (delay i19) (delay ((\i0 -> i6 (i10 (i12 i2)) (i19 (i12 i2) i1) (\i0 -> i2) i4) (i2 (i12 i1)))))) i2)) (\i0 -> \i0 -> \i0 -> \i0 -> i5 (\i0 -> \i0 -> force (i8 i1 (delay i5) (delay (force (i9 (equalsData (i10 (i12 i1)) i6) (delay (i4 (i11 (i12 i1)))) (delay (i2 (i13 i1)))))))) i1)) (\i0 -> (\i0 -> i2 (\i0 -> i2 i2 i1)) (\i0 -> i2 (\i0 -> i2 i2 i1)))) (force (force chooseList))) (force ifThenElse)) (force (force fstPair))) (force (force sndPair))) (force headList)) (force tailList)) #c2) (\i0 -> \i0 -> \i0 -> i4 i3 (i5 i2 i1))) (\i0 -> \i0 -> i4 (bData i2) (mapData i1))) (\i0 -> \i0 -> i3 (bData i2) (iData i1))) (\i0 -> \i0 -> i3 (mkPairData i2 i1) i4)) (force mkCons)) [  ]) #c0) #736f6d65746f6b656e))