singleton {"exBudgetCPU":2956707,"exBudgetMemory":6256,"scriptSizeBytes":68}
valueOf.itself {"exBudgetCPU":1101701,"exBudgetMemory":3800,"scriptSizeBytes":115}
valueOf.applied {"exBudgetCPU":10409027,"exBudgetMemory":23308,"scriptSizeBytes":183}
valueOf.growing.1 {"exBudgetCPU":7629468,"exBudgetMemory":18450,"scriptSizeBytes":194}
valueOf.growing.2 {"exBudgetCPU":45169030,"exBudgetMemory":109028,"scriptSizeBytes":469}
valueOf.growing.3 {"exBudgetCPU":66395986,"exBudgetMemory":160112,"scriptSizeBytes":498}
valueOf.growing.4 {"exBudgetCPU":95136623,"exBudgetMemory":227742,"scriptSizeBytes":515}
valueOf.growing.5 {"exBudgetCPU":131837536,"exBudgetMemory":313418,"scriptSizeBytes":531}
valueOf.growing.6 {"exBudgetCPU":176498725,"exBudgetMemory":417140,"scriptSizeBytes":547}
valueOf.growing.7 {"exBudgetCPU":229120190,"exBudgetMemory":538908,"scriptSizeBytes":564}
valueOf.growing.8 {"exBudgetCPU":289701931,"exBudgetMemory":678722,"scriptSizeBytes":580}
valueOf.growing.9 {"exBudgetCPU":361102826,"exBudgetMemory":841740,"scriptSizeBytes":595}
valueOf.growing.10 {"exBudgetCPU":435673744,"exBudgetMemory":1013716,"scriptSizeBytes":611}
valueOf.growing.11 {"exBudgetCPU":518204938,"exBudgetMemory":1203738,"scriptSizeBytes":627}
valueOf.growing.12 {"exBudgetCPU":608696408,"exBudgetMemory":1411806,"scriptSizeBytes":644}
valueOf.growing.13 {"exBudgetCPU":707148154,"exBudgetMemory":1637920,"scriptSizeBytes":660}
valueOf.growing.14 {"exBudgetCPU":813560176,"exBudgetMemory":1882080,"scriptSizeBytes":676}
valueOf.growing.15 {"exBudgetCPU":927932474,"exBudgetMemory":2144286,"scriptSizeBytes":693}
valueOf.growing.16 {"exBudgetCPU":1050265048,"exBudgetMemory":2424538,"scriptSizeBytes":709}
valueOf.growing.17 {"exBudgetCPU":1180557898,"exBudgetMemory":2722836,"scriptSizeBytes":726}
unionWith.const {"exBudgetCPU":43612196,"exBudgetMemory":103260,"scriptSizeBytes":428}
unionWith.(+).itself {"exBudgetCPU":1667388,"exBudgetMemory":5700,"scriptSizeBytes":341}
unionWith.(+).applied {"exBudgetCPU":43660540,"exBudgetMemory":102762,"scriptSizeBytes":425}
unionWith.tokens {"exBudgetCPU":41399459,"exBudgetMemory":99834,"scriptSizeBytes":434}
unionWith.symbols {"exBudgetCPU":23770711,"exBudgetMemory":58510,"scriptSizeBytes":426}
unionWith.growing.1 {"exBudgetCPU":23860030,"exBudgetMemory":58810,"scriptSizeBytes":430}
unionWith.growing.2 {"exBudgetCPU":60774359,"exBudgetMemory":147288,"scriptSizeBytes":461}
unionWith.growing.3 {"exBudgetCPU":87672940,"exBudgetMemory":211288,"scriptSizeBytes":481}
unionWith.growing.4 {"exBudgetCPU":122442478,"exBudgetMemory":293034,"scriptSizeBytes":497}
unionWith.growing.5 {"exBudgetCPU":165172292,"exBudgetMemory":392826,"scriptSizeBytes":513}
unionWith.growing.6 {"exBudgetCPU":215862382,"exBudgetMemory":510664,"scriptSizeBytes":530}
unionWith.growing.7 {"exBudgetCPU":274512748,"exBudgetMemory":646548,"scriptSizeBytes":546}
unionWith.growing.8 {"exBudgetCPU":341123390,"exBudgetMemory":800478,"scriptSizeBytes":562}
unionWith.growing.9 {"exBudgetCPU":433491694,"exBudgetMemory":1014378,"scriptSizeBytes":578}
unionWith.growing.10 {"exBudgetCPU":516022888,"exBudgetMemory":1204400,"scriptSizeBytes":593}
unionWith.growing.11 {"exBudgetCPU":606514358,"exBudgetMemory":1412468,"scriptSizeBytes":610}
unionWith.growing.12 {"exBudgetCPU":704966104,"exBudgetMemory":1638582,"scriptSizeBytes":626}
unionWith.growing.13 {"exBudgetCPU":811378126,"exBudgetMemory":1882742,"scriptSizeBytes":642}
unionWith.growing.14 {"exBudgetCPU":925750424,"exBudgetMemory":2144948,"scriptSizeBytes":659}
unionWith.growing.15 {"exBudgetCPU":1048082998,"exBudgetMemory":2425200,"scriptSizeBytes":675}
unionWith.growing.16 {"exBudgetCPU":1178375848,"exBudgetMemory":2723498,"scriptSizeBytes":691}
unionWith.growing.17 {"exBudgetCPU":1316628974,"exBudgetMemory":3039842,"scriptSizeBytes":708}
unionWithData const.itself {"exBudgetCPU":1667388,"exBudgetMemory":5700,"scriptSizeBytes":331}
unionWithData const.applied {"exBudgetCPU":42804920,"exBudgetMemory":101964,"scriptSizeBytes":418}
isZero.itself {"exBudgetCPU":1042155,"exBudgetMemory":3600,"scriptSizeBytes":115}
isZero.true {"exBudgetCPU":50570501,"exBudgetMemory":119849,"scriptSizeBytes":500}
isZero.false {"exBudgetCPU":8700981,"exBudgetMemory":21315,"scriptSizeBytes":178}
equality.itself {"exBudgetCPU":1935345,"exBudgetMemory":6600,"scriptSizeBytes":416}
equality.triviallyTrue {"exBudgetCPU":50570501,"exBudgetMemory":119849,"scriptSizeBytes":500}
equality.triviallyFalse {"exBudgetCPU":46399408,"exBudgetMemory":112393,"scriptSizeBytes":510}
equality.swappedTokensTrue {"exBudgetCPU":143746165,"exBudgetMemory":337025,"scriptSizeBytes":553}
equality.swappedSymbolsTrue {"exBudgetCPU":129011982,"exBudgetMemory":302694,"scriptSizeBytes":544}
equality.growing.1 {"exBudgetCPU":50570501,"exBudgetMemory":119849,"scriptSizeBytes":500}
equality.growing.2 {"exBudgetCPU":143686165,"exBudgetMemory":337025,"scriptSizeBytes":548}
equality.growing.3 {"exBudgetCPU":221661051,"exBudgetMemory":518370,"scriptSizeBytes":579}
equality.growing.4 {"exBudgetCPU":319419239,"exBudgetMemory":743667,"scriptSizeBytes":610}
equality.growing.5 {"exBudgetCPU":436960729,"exBudgetMemory":1012916,"scriptSizeBytes":641}
equality.growing.6 {"exBudgetCPU":574285521,"exBudgetMemory":1326117,"scriptSizeBytes":673}
equality.growing.7 {"exBudgetCPU":731393615,"exBudgetMemory":1683270,"scriptSizeBytes":704}
equality.growing.8 {"exBudgetCPU":908285011,"exBudgetMemory":2084375,"scriptSizeBytes":735}
equality.growing.9 {"exBudgetCPU":1104959709,"exBudgetMemory":2529432,"scriptSizeBytes":766}
equality.growing.10 {"exBudgetCPU":1321417709,"exBudgetMemory":3018441,"scriptSizeBytes":798}
equality.growing.11 {"exBudgetCPU":1557659011,"exBudgetMemory":3551402,"scriptSizeBytes":829}
equality.growing.12 {"exBudgetCPU":1813683615,"exBudgetMemory":4128315,"scriptSizeBytes":860}
equality.growing.13 {"exBudgetCPU":2089491521,"exBudgetMemory":4749180,"scriptSizeBytes":891}
equality.growing.14 {"exBudgetCPU":2385082729,"exBudgetMemory":5413997,"scriptSizeBytes":923}
equality.growing.15 {"exBudgetCPU":2700457239,"exBudgetMemory":6122766,"scriptSizeBytes":954}
equality.growing.16 {"exBudgetCPU":3035615051,"exBudgetMemory":6875487,"scriptSizeBytes":985}
equality.growing.17 {"exBudgetCPU":3390556165,"exBudgetMemory":7672160,"scriptSizeBytes":1016}