Value.isZero (program 1.0.0 (\i0 -> (\i0 -> force (force i1 (delay True) (delay False))) (force (force ((\i0 -> (\i0 -> delay (delay (\i0 -> \i0 -> \i0 -> force (force i1 (delay (force i3 (\i0 -> \i0 -> i1))) (\i0 -> \i0 -> delay (force i5 (\i0 -> \i0 -> i2) (i4 i2) (force (force (i6 (delay (\i0 -> i1)))) i5 i4 i1))))))) ((\i0 -> \i0 -> (\i0 -> delay (delay (\i0 -> \i0 -> \i0 -> force (force i1 (delay (force i3 (\i0 -> \i0 -> i1))) (\i0 -> \i0 -> delay (force i5 (\i0 -> \i0 -> i2) (i4 i2) (force (force (i6 (delay (\i0 -> i1)))) i5 i4 i1))))))) (i2 i2)) (\i0 -> \i0 -> (\i0 -> delay (delay (\i0 -> \i0 -> \i0 -> force (force i1 (delay (force i3 (\i0 -> \i0 -> i1))) (\i0 -> \i0 -> delay (force i5 (\i0 -> \i0 -> i2) (i4 i2) (force (force (i6 (delay (\i0 -> i1)))) i5 i4 i1))))))) (i2 i2)))) (delay (\i0 -> i1)))) (force (delay (\i0 -> (\i0 -> delay (\i0 -> i1 (\i0 -> \i0 -> force i5 (\i0 -> \i0 -> i2) i2 i1) i2)) (force i1 (\i0 -> \i0 -> i1)))) (force (delay (delay (\i0 -> i1 (\i0 -> \i0 -> force (force i2 (delay i1) (delay (delay (\i0 -> \i0 -> i1))))) (delay (\i0 -> \i0 -> i2))))))) (\i0 -> force i1 (\i0 -> \i0 -> force (force ((\i0 -> (\i0 -> delay (delay (\i0 -> \i0 -> \i0 -> force (force i1 (delay (force i3 (\i0 -> \i0 -> i1))) (\i0 -> \i0 -> delay (force i5 (\i0 -> \i0 -> i2) (i4 i2) (force (force (i6 (delay (\i0 -> i1)))) i5 i4 i1))))))) ((\i0 -> \i0 -> (\i0 -> delay (delay (\i0 -> \i0 -> \i0 -> force (force i1 (delay (force i3 (\i0 -> \i0 -> i1))) (\i0 -> \i0 -> delay (force i5 (\i0 -> \i0 -> i2) (i4 i2) (force (force (i6 (delay (\i0 -> i1)))) i5 i4 i1))))))) (i2 i2)) (\i0 -> \i0 -> (\i0 -> delay (delay (\i0 -> \i0 -> \i0 -> force (force i1 (delay (force i3 (\i0 -> \i0 -> i1))) (\i0 -> \i0 -> delay (force i5 (\i0 -> \i0 -> i2) (i4 i2) (force (force (i6 (delay (\i0 -> i1)))) i5 i4 i1))))))) (i2 i2)))) (delay (\i0 -> i1)))) (force (delay (\i0 -> (\i0 -> delay (\i0 -> i1 (\i0 -> \i0 -> force i5 (\i0 -> \i0 -> i2) i2 i1) i2)) (force i1 (\i0 -> \i0 -> i1)))) (force (delay (delay (\i0 -> i1 (\i0 -> \i0 -> force (force i2 (delay i1) (delay (delay (\i0 -> \i0 -> i1))))) (delay (\i0 -> \i0 -> i2))))))) (\i0 -> force i1 (\i0 -> \i0 -> force ifThenElse (equalsInteger 0 i1) (delay (\i0 -> \i0 -> i2)) (delay (\i0 -> \i0 -> i1)))) i1)) i1)))
mappend @Value (program 1.0.0 (\i0 -> \i0 -> force (force ((\i0 -> (\i0 -> \i0 -> delay (delay (\i0 -> \i0 -> force (force i1 (delay (force (delay (delay (\i0 -> \i0 -> i2))))) (\i0 -> \i0 -> delay (force (delay (\i0 -> \i0 -> delay (\i0 -> \i0 -> i1 i4 i3))) (i4 i2) (force (force (i6 (delay (\i0 -> i1)))) i4 i1))))))) ((\i0 -> \i0 -> (\i0 -> \i0 -> delay (delay (\i0 -> \i0 -> force (force i1 (delay (force (delay (delay (\i0 -> \i0 -> i2))))) (\i0 -> \i0 -> delay (force (delay (\i0 -> \i0 -> delay (\i0 -> \i0 -> i1 i4 i3))) (i4 i2) (force (force (i6 (delay (\i0 -> i1)))) i4 i1))))))) (i2 i2) i1) (\i0 -> \i0 -> (\i0 -> \i0 -> delay (delay (\i0 -> \i0 -> force (force i1 (delay (force (delay (delay (\i0 -> \i0 -> i2))))) (\i0 -> \i0 -> delay (force (delay (\i0 -> \i0 -> delay (\i0 -> \i0 -> i1 i4 i3))) (i4 i2) (force (force (i6 (delay (\i0 -> i1)))) i4 i1))))))) (i2 i2) i1)) i1) (delay (\i0 -> i1)))) (\i0 -> force i1 (\i0 -> \i0 -> force (force (delay (delay (\i0 -> \i0 -> delay (\i0 -> i1 i3 i2))))) i2 (force (force ((\i0 -> (\i0 -> \i0 -> delay (delay (\i0 -> \i0 -> force (force i1 (delay (force (delay (delay (\i0 -> \i0 -> i2))))) (\i0 -> \i0 -> delay (force (delay (\i0 -> \i0 -> delay (\i0 -> \i0 -> i1 i4 i3))) (i4 i2) (force (force (i6 (delay (\i0 -> i1)))) i4 i1))))))) ((\i0 -> \i0 -> (\i0 -> \i0 -> delay (delay (\i0 -> \i0 -> force (force i1 (delay (force (delay (delay (\i0 -> \i0 -> i2))))) (\i0 -> \i0 -> delay (force (delay (\i0 -> \i0 -> delay (\i0 -> \i0 -> i1 i4 i3))) (i4 i2) (force (force (i6 (delay (\i0 -> i1)))) i4 i1))))))) (i2 i2) i1) (\i0 -> \i0 -> (\i0 -> \i0 -> delay (delay (\i0 -> \i0 -> force (force i1 (delay (force (delay (delay (\i0 -> \i0 -> i2))))) (\i0 -> \i0 -> delay (force (delay (\i0 -> \i0 -> delay (\i0 -> \i0 -> i1 i4 i3))) (i4 i2) (force (force (i6 (delay (\i0 -> i1)))) i4 i1))))))) (i2 i2) i1)) i1) (delay (\i0 -> i1)))) (\i0 -> force i1 (\i0 -> \i0 -> force (force (delay (delay (\i0 -> \i0 -> delay (\i0 -> i1 i3 i2))))) i2 (force i1 (\i0 -> (\i0 -> \i0 -> addInteger i2 i1) 0 i1) (\i0 -> \i0 -> (\i0 -> \i0 -> addInteger i2 i1) i2 i1) (\i0 -> (\i0 -> \i0 -> addInteger i2 i1) i1 0)))) i1))) (force (force ((\i0 -> (\i0 -> \i0 -> delay (delay (\i0 -> \i0 -> force (force i1 (delay (force (delay (delay (\i0 -> \i0 -> i2))))) (\i0 -> \i0 -> delay (force (delay (\i0 -> \i0 -> delay (\i0 -> \i0 -> i1 i4 i3))) (i4 i2) (force (force (i6 (delay (\i0 -> i1)))) i4 i1))))))) ((\i0 -> \i0 -> (\i0 -> \i0 -> delay (delay (\i0 -> \i0 -> force (force i1 (delay (force (delay (delay (\i0 -> \i0 -> i2))))) (\i0 -> \i0 -> delay (force (delay (\i0 -> \i0 -> delay (\i0 -> \i0 -> i1 i4 i3))) (i4 i2) (force (force (i6 (delay (\i0 -> i1)))) i4 i1))))))) (i2 i2) i1) (\i0 -> \i0 -> (\i0 -> \i0 -> delay (delay (\i0 -> \i0 -> force (force i1 (delay (force (delay (delay (\i0 -> \i0 -> i2))))) (\i0 -> \i0 -> delay (force (delay (\i0 -> \i0 -> delay (\i0 -> \i0 -> i1 i4 i3))) (i4 i2) (force (force (i6 (delay (\i0 -> i1)))) i4 i1))))))) (i2 i2) i1)) i1) (delay (\i0 -> i1)))) (\i0 -> force i1 (\i0 -> \i0 -> force (force (delay (delay (\i0 -> \i0 -> delay (\i0 -> i1 i3 i2))))) i2 (force i1 (\i0 -> force (force ((\i0 -> (\i0 -> \i0 -> delay (delay (\i0 -> \i0 -> force (force i1 (delay (force (delay (delay (\i0 -> \i0 -> i2))))) (\i0 -> \i0 -> delay (force (delay (\i0 -> \i0 -> delay (\i0 -> \i0 -> i1 i4 i3))) (i4 i2) (force (force (i6 (delay (\i0 -> i1)))) i4 i1))))))) ((\i0 -> \i0 -> (\i0 -> \i0 -> delay (delay (\i0 -> \i0 -> force (force i1 (delay (force (delay (delay (\i0 -> \i0 -> i2))))) (\i0 -> \i0 -> delay (force (delay (\i0 -> \i0 -> delay (\i0 -> \i0 -> i1 i4 i3))) (i4 i2) (force (force (i6 (delay (\i0 -> i1)))) i4 i1))))))) (i2 i2) i1) (\i0 -> \i0 -> (\i0 -> \i0 -> delay (delay (\i0 -> \i0 -> force (force i1 (delay (force (delay (delay (\i0 -> \i0 -> i2))))) (\i0 -> \i0 -> delay (force (delay (\i0 -> \i0 -> delay (\i0 -> \i0 -> i1 i4 i3))) (i4 i2) (force (force (i6 (delay (\i0 -> i1)))) i4 i1))))))) (i2 i2) i1)) i1) (delay (\i0 -> i1)))) (\i0 -> force i1 (\i0 -> \i0 -> force (force (delay (delay (\i0 -> \i0 -> delay (\i0 -> i1 i3 i2))))) i2 (force (force (delay (delay (\i0 -> delay (\i0 -> \i0 -> \i0 -> i3 i4))))) i1))) i1) (\i0 -> \i0 -> force (force (force (delay (delay (delay (\i0 -> \i0 -> \i0 -> force (force ((\i0 -> (\i0 -> \i0 -> delay (delay (\i0 -> \i0 -> \i0 -> force (force i1 (delay i2) (\i0 -> \i0 -> delay (i5 i2 (force (force (i7 (delay (\i0 -> i1)))) i5 i4 i1))))))) ((\i0 -> \i0 -> (\i0 -> \i0 -> delay (delay (\i0 -> \i0 -> \i0 -> force (force i1 (delay i2) (\i0 -> \i0 -> delay (i5 i2 (force (force (i7 (delay (\i0 -> i1)))) i5 i4 i1))))))) (i2 i2) i1) (\i0 -> \i0 -> (\i0 -> \i0 -> delay (delay (\i0 -> \i0 -> \i0 -> force (force i1 (delay i2) (\i0 -> \i0 -> delay (i5 i2 (force (force (i7 (delay (\i0 -> i1)))) i5 i4 i1))))))) (i2 i2) i1)) i1) (delay (\i0 -> i1)))) (force (delay (\i0 -> \i0 -> delay (\i0 -> \i0 -> i1 i4 i3)))) (force (force ((\i0 -> (\i0 -> \i0 -> delay (delay (\i0 -> \i0 -> force (force i1 (delay (force (delay (delay (\i0 -> \i0 -> i2))))) (\i0 -> \i0 -> delay (force (delay (\i0 -> \i0 -> delay (\i0 -> \i0 -> i1 i4 i3))) (i4 i2) (force (force (i6 (delay (\i0 -> i1)))) i4 i1))))))) ((\i0 -> \i0 -> (\i0 -> \i0 -> delay (delay (\i0 -> \i0 -> force (force i1 (delay (force (delay (delay (\i0 -> \i0 -> i2))))) (\i0 -> \i0 -> delay (force (delay (\i0 -> \i0 -> delay (\i0 -> \i0 -> i1 i4 i3))) (i4 i2) (force (force (i6 (delay (\i0 -> i1)))) i4 i1))))))) (i2 i2) i1) (\i0 -> \i0 -> (\i0 -> \i0 -> delay (delay (\i0 -> \i0 -> force (force i1 (delay (force (delay (delay (\i0 -> \i0 -> i2))))) (\i0 -> \i0 -> delay (force (delay (\i0 -> \i0 -> delay (\i0 -> \i0 -> i1 i4 i3))) (i4 i2) (force (force (i6 (delay (\i0 -> i1)))) i4 i1))))))) (i2 i2) i1)) i1) (delay (\i0 -> i1)))) (\i0 -> force i1 (\i0 -> \i0 -> force (force (delay (delay (\i0 -> \i0 -> delay (\i0 -> i1 i3 i2))))) i2 (force (force (delay (delay (\i0 -> delay (\i0 -> \i0 -> \i0 -> i3 i4))))) i1))) (force (force ((\i0 -> (\i0 -> \i0 -> delay (delay (\i0 -> \i0 -> \i0 -> force (force i1 (delay i2) (\i0 -> \i0 -> delay (i5 i2 (force (force (i7 (delay (\i0 -> i1)))) i5 i4 i1))))))) ((\i0 -> \i0 -> (\i0 -> \i0 -> delay (delay (\i0 -> \i0 -> \i0 -> force (force i1 (delay i2) (\i0 -> \i0 -> delay (i5 i2 (force (force (i7 (delay (\i0 -> i1)))) i5 i4 i1))))))) (i2 i2) i1) (\i0 -> \i0 -> (\i0 -> \i0 -> delay (delay (\i0 -> \i0 -> \i0 -> force (force i1 (delay i2) (\i0 -> \i0 -> delay (i5 i2 (force (force (i7 (delay (\i0 -> i1)))) i5 i4 i1))))))) (i2 i2) i1)) i1) (delay (\i0 -> i1)))) (\i0 -> \i0 -> force i2 (\i0 -> \i0 -> force (force (force (force ((\i0 -> (\i0 -> \i0 -> delay (delay (\i0 -> \i0 -> \i0 -> force (force i1 (delay (force i3 (\i0 -> \i0 -> i1))) (\i0 -> \i0 -> delay (force (delay (\i0 -> force i1 (\i0 -> \i0 -> i2))) i5 (i4 i2) (force (force (i7 (delay (\i0 -> i1)))) i5 i4 i1))))))) ((\i0 -> \i0 -> (\i0 -> \i0 -> delay (delay (\i0 -> \i0 -> \i0 -> force (force i1 (delay (force i3 (\i0 -> \i0 -> i1))) (\i0 -> \i0 -> delay (force (delay (\i0 -> force i1 (\i0 -> \i0 -> i2))) i5 (i4 i2) (force (force (i7 (delay (\i0 -> i1)))) i5 i4 i1))))))) (i2 i2) i1) (\i0 -> \i0 -> (\i0 -> \i0 -> delay (delay (\i0 -> \i0 -> \i0 -> force (force i1 (delay (force i3 (\i0 -> \i0 -> i1))) (\i0 -> \i0 -> delay (force (delay (\i0 -> force i1 (\i0 -> \i0 -> i2))) i5 (i4 i2) (force (force (i7 (delay (\i0 -> i1)))) i5 i4 i1))))))) (i2 i2) i1)) i1) (delay (\i0 -> i1)))) ((\i0 -> force (delay (\i0 -> \i0 -> delay (\i0 -> i1 i3 i2))) (\i0 -> \i0 -> force i3 (\i0 -> \i0 -> i2) i2 i1) (force i1 (\i0 -> \i0 -> i1))) (delay (\i0 -> i1 (\i0 -> \i0 -> force (force i2 (delay (delay (\i0 -> \i0 -> i2))) (delay i1))) (delay (\i0 -> \i0 -> i1))))) (\i0 -> force i1 (\i0 -> \i0 -> i10 i2 i5)) i6) (delay i3) (delay (force (delay (\i0 -> \i0 -> delay (\i0 -> \i0 -> i1 i4 i3))) i4 i3))))) (force (delay (delay (\i0 -> \i0 -> i2)))) i1)) (force (force ((\i0 -> (\i0 -> \i0 -> delay (delay (\i0 -> \i0 -> force (force i1 (delay (force (delay (delay (\i0 -> \i0 -> i2))))) (\i0 -> \i0 -> delay (force (delay (\i0 -> \i0 -> delay (\i0 -> \i0 -> i1 i4 i3))) (i4 i2) (force (force (i6 (delay (\i0 -> i1)))) i4 i1))))))) ((\i0 -> \i0 -> (\i0 -> \i0 -> delay (delay (\i0 -> \i0 -> force (force i1 (delay (force (delay (delay (\i0 -> \i0 -> i2))))) (\i0 -> \i0 -> delay (force (delay (\i0 -> \i0 -> delay (\i0 -> \i0 -> i1 i4 i3))) (i4 i2) (force (force (i6 (delay (\i0 -> i1)))) i4 i1))))))) (i2 i2) i1) (\i0 -> \i0 -> (\i0 -> \i0 -> delay (delay (\i0 -> \i0 -> force (force i1 (delay (force (delay (delay (\i0 -> \i0 -> i2))))) (\i0 -> \i0 -> delay (force (delay (\i0 -> \i0 -> delay (\i0 -> \i0 -> i1 i4 i3))) (i4 i2) (force (force (i6 (delay (\i0 -> i1)))) i4 i1))))))) (i2 i2) i1)) i1) (delay (\i0 -> i1)))) (\i0 -> force i1 (\i0 -> \i0 -> (\i0 -> force (force (delay (delay (\i0 -> \i0 -> delay (\i0 -> i1 i3 i2))))) i3 (i1 i5)) ((\i0 -> i1) (force (force (delay (delay (\i0 -> (\i0 -> i1 i1) (\i0 -> \i0 -> i3 (i2 i2) i1))))) (\i0 -> \i0 -> force (force i1 (delay (force (force (delay (delay (\i0 -> delay (\i0 -> \i0 -> \i0 -> i1 i4))))) i3)) (\i0 -> \i0 -> delay (force i2 (\i0 -> \i0 -> force (force (i12 i2 i8) (delay (delay (\i0 -> \i0 -> \i0 -> i2 i10 i4))) (delay (i6 i3)))))))))))) i2))))))) (\i0 -> \i0 -> force ifThenElse (equalsByteString i2 i1) (delay (\i0 -> \i0 -> i2)) (delay (\i0 -> \i0 -> i1))) i2 i1) (\i0 -> force (force ((\i0 -> (\i0 -> \i0 -> delay (delay (\i0 -> \i0 -> force (force i1 (delay (force (delay (delay (\i0 -> \i0 -> i2))))) (\i0 -> \i0 -> delay (force (delay (\i0 -> \i0 -> delay (\i0 -> \i0 -> i1 i4 i3))) (i4 i2) (force (force (i6 (delay (\i0 -> i1)))) i4 i1))))))) ((\i0 -> \i0 -> (\i0 -> \i0 -> delay (delay (\i0 -> \i0 -> force (force i1 (delay (force (delay (delay (\i0 -> \i0 -> i2))))) (\i0 -> \i0 -> delay (force (delay (\i0 -> \i0 -> delay (\i0 -> \i0 -> i1 i4 i3))) (i4 i2) (force (force (i6 (delay (\i0 -> i1)))) i4 i1))))))) (i2 i2) i1) (\i0 -> \i0 -> (\i0 -> \i0 -> delay (delay (\i0 -> \i0 -> force (force i1 (delay (force (delay (delay (\i0 -> \i0 -> i2))))) (\i0 -> \i0 -> delay (force (delay (\i0 -> \i0 -> delay (\i0 -> \i0 -> i1 i4 i3))) (i4 i2) (force (force (i6 (delay (\i0 -> i1)))) i4 i1))))))) (i2 i2) i1)) i1) (delay (\i0 -> i1)))) (\i0 -> force i1 (\i0 -> \i0 -> force (force (delay (delay (\i0 -> \i0 -> delay (\i0 -> i1 i3 i2))))) i2 (force (force (delay (delay (\i0 -> delay (\i0 -> \i0 -> \i0 -> i1 i4))))) i1))) i1)))) (force (force (force (delay (delay (delay (\i0 -> \i0 -> \i0 -> force (force ((\i0 -> (\i0 -> \i0 -> delay (delay (\i0 -> \i0 -> \i0 -> force (force i1 (delay i2) (\i0 -> \i0 -> delay (i5 i2 (force (force (i7 (delay (\i0 -> i1)))) i5 i4 i1))))))) ((\i0 -> \i0 -> (\i0 -> \i0 -> delay (delay (\i0 -> \i0 -> \i0 -> force (force i1 (delay i2) (\i0 -> \i0 -> delay (i5 i2 (force (force (i7 (delay (\i0 -> i1)))) i5 i4 i1))))))) (i2 i2) i1) (\i0 -> \i0 -> (\i0 -> \i0 -> delay (delay (\i0 -> \i0 -> \i0 -> force (force i1 (delay i2) (\i0 -> \i0 -> delay (i5 i2 (force (force (i7 (delay (\i0 -> i1)))) i5 i4 i1))))))) (i2 i2) i1)) i1) (delay (\i0 -> i1)))) (force (delay (\i0 -> \i0 -> delay (\i0 -> \i0 -> i1 i4 i3)))) (force (force ((\i0 -> (\i0 -> \i0 -> delay (delay (\i0 -> \i0 -> force (force i1 (delay (force (delay (delay (\i0 -> \i0 -> i2))))) (\i0 -> \i0 -> delay (force (delay (\i0 -> \i0 -> delay (\i0 -> \i0 -> i1 i4 i3))) (i4 i2) (force (force (i6 (delay (\i0 -> i1)))) i4 i1))))))) ((\i0 -> \i0 -> (\i0 -> \i0 -> delay (delay (\i0 -> \i0 -> force (force i1 (delay (force (delay (delay (\i0 -> \i0 -> i2))))) (\i0 -> \i0 -> delay (force (delay (\i0 -> \i0 -> delay (\i0 -> \i0 -> i1 i4 i3))) (i4 i2) (force (force (i6 (delay (\i0 -> i1)))) i4 i1))))))) (i2 i2) i1) (\i0 -> \i0 -> (\i0 -> \i0 -> delay (delay (\i0 -> \i0 -> force (force i1 (delay (force (delay (delay (\i0 -> \i0 -> i2))))) (\i0 -> \i0 -> delay (force (delay (\i0 -> \i0 -> delay (\i0 -> \i0 -> i1 i4 i3))) (i4 i2) (force (force (i6 (delay (\i0 -> i1)))) i4 i1))))))) (i2 i2) i1)) i1) (delay (\i0 -> i1)))) (\i0 -> force i1 (\i0 -> \i0 -> force (force (delay (delay (\i0 -> \i0 -> delay (\i0 -> i1 i3 i2))))) i2 (force (force (delay (delay (\i0 -> delay (\i0 -> \i0 -> \i0 -> i3 i4))))) i1))) (force (force ((\i0 -> (\i0 -> \i0 -> delay (delay (\i0 -> \i0 -> \i0 -> force (force i1 (delay i2) (\i0 -> \i0 -> delay (i5 i2 (force (force (i7 (delay (\i0 -> i1)))) i5 i4 i1))))))) ((\i0 -> \i0 -> (\i0 -> \i0 -> delay (delay (\i0 -> \i0 -> \i0 -> force (force i1 (delay i2) (\i0 -> \i0 -> delay (i5 i2 (force (force (i7 (delay (\i0 -> i1)))) i5 i4 i1))))))) (i2 i2) i1) (\i0 -> \i0 -> (\i0 -> \i0 -> delay (delay (\i0 -> \i0 -> \i0 -> force (force i1 (delay i2) (\i0 -> \i0 -> delay (i5 i2 (force (force (i7 (delay (\i0 -> i1)))) i5 i4 i1))))))) (i2 i2) i1)) i1) (delay (\i0 -> i1)))) (\i0 -> \i0 -> force i2 (\i0 -> \i0 -> force (force (force (force ((\i0 -> (\i0 -> \i0 -> delay (delay (\i0 -> \i0 -> \i0 -> force (force i1 (delay (force i3 (\i0 -> \i0 -> i1))) (\i0 -> \i0 -> delay (force (delay (\i0 -> force i1 (\i0 -> \i0 -> i2))) i5 (i4 i2) (force (force (i7 (delay (\i0 -> i1)))) i5 i4 i1))))))) ((\i0 -> \i0 -> (\i0 -> \i0 -> delay (delay (\i0 -> \i0 -> \i0 -> force (force i1 (delay (force i3 (\i0 -> \i0 -> i1))) (\i0 -> \i0 -> delay (force (delay (\i0 -> force i1 (\i0 -> \i0 -> i2))) i5 (i4 i2) (force (force (i7 (delay (\i0 -> i1)))) i5 i4 i1))))))) (i2 i2) i1) (\i0 -> \i0 -> (\i0 -> \i0 -> delay (delay (\i0 -> \i0 -> \i0 -> force (force i1 (delay (force i3 (\i0 -> \i0 -> i1))) (\i0 -> \i0 -> delay (force (delay (\i0 -> force i1 (\i0 -> \i0 -> i2))) i5 (i4 i2) (force (force (i7 (delay (\i0 -> i1)))) i5 i4 i1))))))) (i2 i2) i1)) i1) (delay (\i0 -> i1)))) ((\i0 -> force (delay (\i0 -> \i0 -> delay (\i0 -> i1 i3 i2))) (\i0 -> \i0 -> force i3 (\i0 -> \i0 -> i2) i2 i1) (force i1 (\i0 -> \i0 -> i1))) (delay (\i0 -> i1 (\i0 -> \i0 -> force (force i2 (delay (delay (\i0 -> \i0 -> i2))) (delay i1))) (delay (\i0 -> \i0 -> i1))))) (\i0 -> force i1 (\i0 -> \i0 -> i10 i2 i5)) i6) (delay i3) (delay (force (delay (\i0 -> \i0 -> delay (\i0 -> \i0 -> i1 i4 i3))) i4 i3))))) (force (delay (delay (\i0 -> \i0 -> i2)))) i1)) (force (force ((\i0 -> (\i0 -> \i0 -> delay (delay (\i0 -> \i0 -> force (force i1 (delay (force (delay (delay (\i0 -> \i0 -> i2))))) (\i0 -> \i0 -> delay (force (delay (\i0 -> \i0 -> delay (\i0 -> \i0 -> i1 i4 i3))) (i4 i2) (force (force (i6 (delay (\i0 -> i1)))) i4 i1))))))) ((\i0 -> \i0 -> (\i0 -> \i0 -> delay (delay (\i0 -> \i0 -> force (force i1 (delay (force (delay (delay (\i0 -> \i0 -> i2))))) (\i0 -> \i0 -> delay (force (delay (\i0 -> \i0 -> delay (\i0 -> \i0 -> i1 i4 i3))) (i4 i2) (force (force (i6 (delay (\i0 -> i1)))) i4 i1))))))) (i2 i2) i1) (\i0 -> \i0 -> (\i0 -> \i0 -> delay (delay (\i0 -> \i0 -> force (force i1 (delay (force (delay (delay (\i0 -> \i0 -> i2))))) (\i0 -> \i0 -> delay (force (delay (\i0 -> \i0 -> delay (\i0 -> \i0 -> i1 i4 i3))) (i4 i2) (force (force (i6 (delay (\i0 -> i1)))) i4 i1))))))) (i2 i2) i1)) i1) (delay (\i0 -> i1)))) (\i0 -> force i1 (\i0 -> \i0 -> (\i0 -> force (force (delay (delay (\i0 -> \i0 -> delay (\i0 -> i1 i3 i2))))) i3 (i1 i5)) ((\i0 -> i1) (force (force (delay (delay (\i0 -> (\i0 -> i1 i1) (\i0 -> \i0 -> i3 (i2 i2) i1))))) (\i0 -> \i0 -> force (force i1 (delay (force (force (delay (delay (\i0 -> delay (\i0 -> \i0 -> \i0 -> i1 i4))))) i3)) (\i0 -> \i0 -> delay (force i2 (\i0 -> \i0 -> force (force (i12 i2 i8) (delay (delay (\i0 -> \i0 -> \i0 -> i2 i10 i4))) (delay (i6 i3)))))))))))) i2))))))) (\i0 -> \i0 -> force ifThenElse (equalsByteString i2 i1) (delay (\i0 -> \i0 -> i2)) (delay (\i0 -> \i0 -> i1))) i2 i1))))
(==) @Value (program 1.0.0 (\i0 -> \i0 -> (\i0 -> force (force i1 (delay True) (delay False))) (force (force ((\i0 -> (\i0 -> \i0 -> delay (delay (\i0 -> \i0 -> \i0 -> force (force i1 (delay (force i3 (\i0 -> \i0 -> i1))) (\i0 -> \i0 -> delay (force i5 (\i0 -> \i0 -> i2) (i4 i2) (force (force (i7 (delay (\i0 -> i1)))) i5 i4 i1))))))) ((\i0 -> \i0 -> (\i0 -> \i0 -> delay (delay (\i0 -> \i0 -> \i0 -> force (force i1 (delay (force i3 (\i0 -> \i0 -> i1))) (\i0 -> \i0 -> delay (force i5 (\i0 -> \i0 -> i2) (i4 i2) (force (force (i7 (delay (\i0 -> i1)))) i5 i4 i1))))))) (i2 i2) i1) (\i0 -> \i0 -> (\i0 -> \i0 -> delay (delay (\i0 -> \i0 -> \i0 -> force (force i1 (delay (force i3 (\i0 -> \i0 -> i1))) (\i0 -> \i0 -> delay (force i5 (\i0 -> \i0 -> i2) (i4 i2) (force (force (i7 (delay (\i0 -> i1)))) i5 i4 i1))))))) (i2 i2) i1)) i1) (delay (\i0 -> i1)))) (force (delay (\i0 -> force (delay (\i0 -> \i0 -> delay (\i0 -> i1 i3 i2))) (\i0 -> \i0 -> force i3 (\i0 -> \i0 -> i2) i2 i1) (force i1 (\i0 -> \i0 -> i1)))) (force (delay (delay (\i0 -> i1 (\i0 -> \i0 -> force (force i2 (delay i1) (delay (delay (\i0 -> \i0 -> i1))))) (delay (\i0 -> \i0 -> i2))))))) (\i0 -> force i1 (\i0 -> \i0 -> force (force ((\i0 -> (\i0 -> \i0 -> delay (delay (\i0 -> \i0 -> \i0 -> force (force i1 (delay (force i3 (\i0 -> \i0 -> i1))) (\i0 -> \i0 -> delay (force i5 (\i0 -> \i0 -> i2) (i4 i2) (force (force (i7 (delay (\i0 -> i1)))) i5 i4 i1))))))) ((\i0 -> \i0 -> (\i0 -> \i0 -> delay (delay (\i0 -> \i0 -> \i0 -> force (force i1 (delay (force i3 (\i0 -> \i0 -> i1))) (\i0 -> \i0 -> delay (force i5 (\i0 -> \i0 -> i2) (i4 i2) (force (force (i7 (delay (\i0 -> i1)))) i5 i4 i1))))))) (i2 i2) i1) (\i0 -> \i0 -> (\i0 -> \i0 -> delay (delay (\i0 -> \i0 -> \i0 -> force (force i1 (delay (force i3 (\i0 -> \i0 -> i1))) (\i0 -> \i0 -> delay (force i5 (\i0 -> \i0 -> i2) (i4 i2) (force (force (i7 (delay (\i0 -> i1)))) i5 i4 i1))))))) (i2 i2) i1)) i1) (delay (\i0 -> i1)))) (force (delay (\i0 -> force (delay (\i0 -> \i0 -> delay (\i0 -> i1 i3 i2))) (\i0 -> \i0 -> force i3 (\i0 -> \i0 -> i2) i2 i1) (force i1 (\i0 -> \i0 -> i1)))) (force (delay (delay (\i0 -> i1 (\i0 -> \i0 -> force (force i2 (delay i1) (delay (delay (\i0 -> \i0 -> i1))))) (delay (\i0 -> \i0 -> i2))))))) (\i0 -> force i1 (\i0 -> \i0 -> force i1 (\i0 -> (\i0 -> \i0 -> force ifThenElse (equalsInteger i2 i1) (delay (\i0 -> \i0 -> i2)) (delay (\i0 -> \i0 -> i1))) 0 i1) (\i0 -> \i0 -> (\i0 -> \i0 -> force ifThenElse (equalsInteger i2 i1) (delay (\i0 -> \i0 -> i2)) (delay (\i0 -> \i0 -> i1))) i2 i1) (\i0 -> (\i0 -> \i0 -> force ifThenElse (equalsInteger i2 i1) (delay (\i0 -> \i0 -> i2)) (delay (\i0 -> \i0 -> i1))) i1 0))) i1)) (force (force ((\i0 -> (\i0 -> \i0 -> delay (delay (\i0 -> \i0 -> force (force i1 (delay (force (delay (delay (\i0 -> \i0 -> i2))))) (\i0 -> \i0 -> delay (force (delay (\i0 -> \i0 -> delay (\i0 -> \i0 -> i1 i4 i3))) (i4 i2) (force (force (i6 (delay (\i0 -> i1)))) i4 i1))))))) ((\i0 -> \i0 -> (\i0 -> \i0 -> delay (delay (\i0 -> \i0 -> force (force i1 (delay (force (delay (delay (\i0 -> \i0 -> i2))))) (\i0 -> \i0 -> delay (force (delay (\i0 -> \i0 -> delay (\i0 -> \i0 -> i1 i4 i3))) (i4 i2) (force (force (i6 (delay (\i0 -> i1)))) i4 i1))))))) (i2 i2) i1) (\i0 -> \i0 -> (\i0 -> \i0 -> delay (delay (\i0 -> \i0 -> force (force i1 (delay (force (delay (delay (\i0 -> \i0 -> i2))))) (\i0 -> \i0 -> delay (force (delay (\i0 -> \i0 -> delay (\i0 -> \i0 -> i1 i4 i3))) (i4 i2) (force (force (i6 (delay (\i0 -> i1)))) i4 i1))))))) (i2 i2) i1)) i1) (delay (\i0 -> i1)))) (\i0 -> force i1 (\i0 -> \i0 -> force (force (delay (delay (\i0 -> \i0 -> delay (\i0 -> i1 i3 i2))))) i2 (force i1 (\i0 -> force (force ((\i0 -> (\i0 -> \i0 -> delay (delay (\i0 -> \i0 -> force (force i1 (delay (force (delay (delay (\i0 -> \i0 -> i2))))) (\i0 -> \i0 -> delay (force (delay (\i0 -> \i0 -> delay (\i0 -> \i0 -> i1 i4 i3))) (i4 i2) (force (force (i6 (delay (\i0 -> i1)))) i4 i1))))))) ((\i0 -> \i0 -> (\i0 -> \i0 -> delay (delay (\i0 -> \i0 -> force (force i1 (delay (force (delay (delay (\i0 -> \i0 -> i2))))) (\i0 -> \i0 -> delay (force (delay (\i0 -> \i0 -> delay (\i0 -> \i0 -> i1 i4 i3))) (i4 i2) (force (force (i6 (delay (\i0 -> i1)))) i4 i1))))))) (i2 i2) i1) (\i0 -> \i0 -> (\i0 -> \i0 -> delay (delay (\i0 -> \i0 -> force (force i1 (delay (force (delay (delay (\i0 -> \i0 -> i2))))) (\i0 -> \i0 -> delay (force (delay (\i0 -> \i0 -> delay (\i0 -> \i0 -> i1 i4 i3))) (i4 i2) (force (force (i6 (delay (\i0 -> i1)))) i4 i1))))))) (i2 i2) i1)) i1) (delay (\i0 -> i1)))) (\i0 -> force i1 (\i0 -> \i0 -> force (force (delay (delay (\i0 -> \i0 -> delay (\i0 -> i1 i3 i2))))) i2 (force (force (delay (delay (\i0 -> delay (\i0 -> \i0 -> \i0 -> i3 i4))))) i1))) i1) (\i0 -> \i0 -> force (force (force (delay (delay (delay (\i0 -> \i0 -> \i0 -> force (force ((\i0 -> (\i0 -> \i0 -> delay (delay (\i0 -> \i0 -> \i0 -> force (force i1 (delay i2) (\i0 -> \i0 -> delay (i5 i2 (force (force (i7 (delay (\i0 -> i1)))) i5 i4 i1))))))) ((\i0 -> \i0 -> (\i0 -> \i0 -> delay (delay (\i0 -> \i0 -> \i0 -> force (force i1 (delay i2) (\i0 -> \i0 -> delay (i5 i2 (force (force (i7 (delay (\i0 -> i1)))) i5 i4 i1))))))) (i2 i2) i1) (\i0 -> \i0 -> (\i0 -> \i0 -> delay (delay (\i0 -> \i0 -> \i0 -> force (force i1 (delay i2) (\i0 -> \i0 -> delay (i5 i2 (force (force (i7 (delay (\i0 -> i1)))) i5 i4 i1))))))) (i2 i2) i1)) i1) (delay (\i0 -> i1)))) (force (delay (\i0 -> \i0 -> delay (\i0 -> \i0 -> i1 i4 i3)))) (force (force ((\i0 -> (\i0 -> \i0 -> delay (delay (\i0 -> \i0 -> force (force i1 (delay (force (delay (delay (\i0 -> \i0 -> i2))))) (\i0 -> \i0 -> delay (force (delay (\i0 -> \i0 -> delay (\i0 -> \i0 -> i1 i4 i3))) (i4 i2) (force (force (i6 (delay (\i0 -> i1)))) i4 i1))))))) ((\i0 -> \i0 -> (\i0 -> \i0 -> delay (delay (\i0 -> \i0 -> force (force i1 (delay (force (delay (delay (\i0 -> \i0 -> i2))))) (\i0 -> \i0 -> delay (force (delay (\i0 -> \i0 -> delay (\i0 -> \i0 -> i1 i4 i3))) (i4 i2) (force (force (i6 (delay (\i0 -> i1)))) i4 i1))))))) (i2 i2) i1) (\i0 -> \i0 -> (\i0 -> \i0 -> delay (delay (\i0 -> \i0 -> force (force i1 (delay (force (delay (delay (\i0 -> \i0 -> i2))))) (\i0 -> \i0 -> delay (force (delay (\i0 -> \i0 -> delay (\i0 -> \i0 -> i1 i4 i3))) (i4 i2) (force (force (i6 (delay (\i0 -> i1)))) i4 i1))))))) (i2 i2) i1)) i1) (delay (\i0 -> i1)))) (\i0 -> force i1 (\i0 -> \i0 -> force (force (delay (delay (\i0 -> \i0 -> delay (\i0 -> i1 i3 i2))))) i2 (force (force (delay (delay (\i0 -> delay (\i0 -> \i0 -> \i0 -> i3 i4))))) i1))) (force (force ((\i0 -> (\i0 -> \i0 -> delay (delay (\i0 -> \i0 -> \i0 -> force (force i1 (delay i2) (\i0 -> \i0 -> delay (i5 i2 (force (force (i7 (delay (\i0 -> i1)))) i5 i4 i1))))))) ((\i0 -> \i0 -> (\i0 -> \i0 -> delay (delay (\i0 -> \i0 -> \i0 -> force (force i1 (delay i2) (\i0 -> \i0 -> delay (i5 i2 (force (force (i7 (delay (\i0 -> i1)))) i5 i4 i1))))))) (i2 i2) i1) (\i0 -> \i0 -> (\i0 -> \i0 -> delay (delay (\i0 -> \i0 -> \i0 -> force (force i1 (delay i2) (\i0 -> \i0 -> delay (i5 i2 (force (force (i7 (delay (\i0 -> i1)))) i5 i4 i1))))))) (i2 i2) i1)) i1) (delay (\i0 -> i1)))) (\i0 -> \i0 -> force i2 (\i0 -> \i0 -> force (force (force (force ((\i0 -> (\i0 -> \i0 -> delay (delay (\i0 -> \i0 -> \i0 -> force (force i1 (delay (force i3 (\i0 -> \i0 -> i1))) (\i0 -> \i0 -> delay (force i5 (\i0 -> \i0 -> i2) (i4 i2) (force (force (i7 (delay (\i0 -> i1)))) i5 i4 i1))))))) ((\i0 -> \i0 -> (\i0 -> \i0 -> delay (delay (\i0 -> \i0 -> \i0 -> force (force i1 (delay (force i3 (\i0 -> \i0 -> i1))) (\i0 -> \i0 -> delay (force i5 (\i0 -> \i0 -> i2) (i4 i2) (force (force (i7 (delay (\i0 -> i1)))) i5 i4 i1))))))) (i2 i2) i1) (\i0 -> \i0 -> (\i0 -> \i0 -> delay (delay (\i0 -> \i0 -> \i0 -> force (force i1 (delay (force i3 (\i0 -> \i0 -> i1))) (\i0 -> \i0 -> delay (force i5 (\i0 -> \i0 -> i2) (i4 i2) (force (force (i7 (delay (\i0 -> i1)))) i5 i4 i1))))))) (i2 i2) i1)) i1) (delay (\i0 -> i1)))) ((\i0 -> force (delay (\i0 -> \i0 -> delay (\i0 -> i1 i3 i2))) (\i0 -> \i0 -> force i3 (\i0 -> \i0 -> i2) i2 i1) (force i1 (\i0 -> \i0 -> i1))) (delay (\i0 -> i1 (\i0 -> \i0 -> force (force i2 (delay (delay (\i0 -> \i0 -> i2))) (delay i1))) (delay (\i0 -> \i0 -> i1))))) (\i0 -> force i1 (\i0 -> \i0 -> i10 i2 i5)) i6) (delay i3) (delay (force (delay (\i0 -> \i0 -> delay (\i0 -> \i0 -> i1 i4 i3))) i4 i3))))) (force (delay (delay (\i0 -> \i0 -> i2)))) i1)) (force (force ((\i0 -> (\i0 -> \i0 -> delay (delay (\i0 -> \i0 -> force (force i1 (delay (force (delay (delay (\i0 -> \i0 -> i2))))) (\i0 -> \i0 -> delay (force (delay (\i0 -> \i0 -> delay (\i0 -> \i0 -> i1 i4 i3))) (i4 i2) (force (force (i6 (delay (\i0 -> i1)))) i4 i1))))))) ((\i0 -> \i0 -> (\i0 -> \i0 -> delay (delay (\i0 -> \i0 -> force (force i1 (delay (force (delay (delay (\i0 -> \i0 -> i2))))) (\i0 -> \i0 -> delay (force (delay (\i0 -> \i0 -> delay (\i0 -> \i0 -> i1 i4 i3))) (i4 i2) (force (force (i6 (delay (\i0 -> i1)))) i4 i1))))))) (i2 i2) i1) (\i0 -> \i0 -> (\i0 -> \i0 -> delay (delay (\i0 -> \i0 -> force (force i1 (delay (force (delay (delay (\i0 -> \i0 -> i2))))) (\i0 -> \i0 -> delay (force (delay (\i0 -> \i0 -> delay (\i0 -> \i0 -> i1 i4 i3))) (i4 i2) (force (force (i6 (delay (\i0 -> i1)))) i4 i1))))))) (i2 i2) i1)) i1) (delay (\i0 -> i1)))) (\i0 -> force i1 (\i0 -> \i0 -> (\i0 -> force (force (delay (delay (\i0 -> \i0 -> delay (\i0 -> i1 i3 i2))))) i3 (i1 i5)) ((\i0 -> i1) (force (force (delay (delay (\i0 -> (\i0 -> i1 i1) (\i0 -> \i0 -> i3 (i2 i2) i1))))) (\i0 -> \i0 -> force (force i1 (delay (force (force (delay (delay (\i0 -> delay (\i0 -> \i0 -> \i0 -> i1 i4))))) i3)) (\i0 -> \i0 -> delay (force i2 (\i0 -> \i0 -> force (force (i12 i2 i8) (delay (delay (\i0 -> \i0 -> \i0 -> i2 i10 i4))) (delay (i6 i3)))))))))))) i2))))))) (\i0 -> \i0 -> force ifThenElse (equalsByteString i2 i1) (delay (\i0 -> \i0 -> i2)) (delay (\i0 -> \i0 -> i1))) i2 i1) (\i0 -> force (force ((\i0 -> (\i0 -> \i0 -> delay (delay (\i0 -> \i0 -> force (force i1 (delay (force (delay (delay (\i0 -> \i0 -> i2))))) (\i0 -> \i0 -> delay (force (delay (\i0 -> \i0 -> delay (\i0 -> \i0 -> i1 i4 i3))) (i4 i2) (force (force (i6 (delay (\i0 -> i1)))) i4 i1))))))) ((\i0 -> \i0 -> (\i0 -> \i0 -> delay (delay (\i0 -> \i0 -> force (force i1 (delay (force (delay (delay (\i0 -> \i0 -> i2))))) (\i0 -> \i0 -> delay (force (delay (\i0 -> \i0 -> delay (\i0 -> \i0 -> i1 i4 i3))) (i4 i2) (force (force (i6 (delay (\i0 -> i1)))) i4 i1))))))) (i2 i2) i1) (\i0 -> \i0 -> (\i0 -> \i0 -> delay (delay (\i0 -> \i0 -> force (force i1 (delay (force (delay (delay (\i0 -> \i0 -> i2))))) (\i0 -> \i0 -> delay (force (delay (\i0 -> \i0 -> delay (\i0 -> \i0 -> i1 i4 i3))) (i4 i2) (force (force (i6 (delay (\i0 -> i1)))) i4 i1))))))) (i2 i2) i1)) i1) (delay (\i0 -> i1)))) (\i0 -> force i1 (\i0 -> \i0 -> force (force (delay (delay (\i0 -> \i0 -> delay (\i0 -> i1 i3 i2))))) i2 (force (force (delay (delay (\i0 -> delay (\i0 -> \i0 -> \i0 -> i1 i4))))) i1))) i1)))) (force (force (force (delay (delay (delay (\i0 -> \i0 -> \i0 -> force (force ((\i0 -> (\i0 -> \i0 -> delay (delay (\i0 -> \i0 -> \i0 -> force (force i1 (delay i2) (\i0 -> \i0 -> delay (i5 i2 (force (force (i7 (delay (\i0 -> i1)))) i5 i4 i1))))))) ((\i0 -> \i0 -> (\i0 -> \i0 -> delay (delay (\i0 -> \i0 -> \i0 -> force (force i1 (delay i2) (\i0 -> \i0 -> delay (i5 i2 (force (force (i7 (delay (\i0 -> i1)))) i5 i4 i1))))))) (i2 i2) i1) (\i0 -> \i0 -> (\i0 -> \i0 -> delay (delay (\i0 -> \i0 -> \i0 -> force (force i1 (delay i2) (\i0 -> \i0 -> delay (i5 i2 (force (force (i7 (delay (\i0 -> i1)))) i5 i4 i1))))))) (i2 i2) i1)) i1) (delay (\i0 -> i1)))) (force (delay (\i0 -> \i0 -> delay (\i0 -> \i0 -> i1 i4 i3)))) (force (force ((\i0 -> (\i0 -> \i0 -> delay (delay (\i0 -> \i0 -> force (force i1 (delay (force (delay (delay (\i0 -> \i0 -> i2))))) (\i0 -> \i0 -> delay (force (delay (\i0 -> \i0 -> delay (\i0 -> \i0 -> i1 i4 i3))) (i4 i2) (force (force (i6 (delay (\i0 -> i1)))) i4 i1))))))) ((\i0 -> \i0 -> (\i0 -> \i0 -> delay (delay (\i0 -> \i0 -> force (force i1 (delay (force (delay (delay (\i0 -> \i0 -> i2))))) (\i0 -> \i0 -> delay (force (delay (\i0 -> \i0 -> delay (\i0 -> \i0 -> i1 i4 i3))) (i4 i2) (force (force (i6 (delay (\i0 -> i1)))) i4 i1))))))) (i2 i2) i1) (\i0 -> \i0 -> (\i0 -> \i0 -> delay (delay (\i0 -> \i0 -> force (force i1 (delay (force (delay (delay (\i0 -> \i0 -> i2))))) (\i0 -> \i0 -> delay (force (delay (\i0 -> \i0 -> delay (\i0 -> \i0 -> i1 i4 i3))) (i4 i2) (force (force (i6 (delay (\i0 -> i1)))) i4 i1))))))) (i2 i2) i1)) i1) (delay (\i0 -> i1)))) (\i0 -> force i1 (\i0 -> \i0 -> force (force (delay (delay (\i0 -> \i0 -> delay (\i0 -> i1 i3 i2))))) i2 (force (force (delay (delay (\i0 -> delay (\i0 -> \i0 -> \i0 -> i3 i4))))) i1))) (force (force ((\i0 -> (\i0 -> \i0 -> delay (delay (\i0 -> \i0 -> \i0 -> force (force i1 (delay i2) (\i0 -> \i0 -> delay (i5 i2 (force (force (i7 (delay (\i0 -> i1)))) i5 i4 i1))))))) ((\i0 -> \i0 -> (\i0 -> \i0 -> delay (delay (\i0 -> \i0 -> \i0 -> force (force i1 (delay i2) (\i0 -> \i0 -> delay (i5 i2 (force (force (i7 (delay (\i0 -> i1)))) i5 i4 i1))))))) (i2 i2) i1) (\i0 -> \i0 -> (\i0 -> \i0 -> delay (delay (\i0 -> \i0 -> \i0 -> force (force i1 (delay i2) (\i0 -> \i0 -> delay (i5 i2 (force (force (i7 (delay (\i0 -> i1)))) i5 i4 i1))))))) (i2 i2) i1)) i1) (delay (\i0 -> i1)))) (\i0 -> \i0 -> force i2 (\i0 -> \i0 -> force (force (force (force ((\i0 -> (\i0 -> \i0 -> delay (delay (\i0 -> \i0 -> \i0 -> force (force i1 (delay (force i3 (\i0 -> \i0 -> i1))) (\i0 -> \i0 -> delay (force i5 (\i0 -> \i0 -> i2) (i4 i2) (force (force (i7 (delay (\i0 -> i1)))) i5 i4 i1))))))) ((\i0 -> \i0 -> (\i0 -> \i0 -> delay (delay (\i0 -> \i0 -> \i0 -> force (force i1 (delay (force i3 (\i0 -> \i0 -> i1))) (\i0 -> \i0 -> delay (force i5 (\i0 -> \i0 -> i2) (i4 i2) (force (force (i7 (delay (\i0 -> i1)))) i5 i4 i1))))))) (i2 i2) i1) (\i0 -> \i0 -> (\i0 -> \i0 -> delay (delay (\i0 -> \i0 -> \i0 -> force (force i1 (delay (force i3 (\i0 -> \i0 -> i1))) (\i0 -> \i0 -> delay (force i5 (\i0 -> \i0 -> i2) (i4 i2) (force (force (i7 (delay (\i0 -> i1)))) i5 i4 i1))))))) (i2 i2) i1)) i1) (delay (\i0 -> i1)))) ((\i0 -> force (delay (\i0 -> \i0 -> delay (\i0 -> i1 i3 i2))) (\i0 -> \i0 -> force i3 (\i0 -> \i0 -> i2) i2 i1) (force i1 (\i0 -> \i0 -> i1))) (delay (\i0 -> i1 (\i0 -> \i0 -> force (force i2 (delay (delay (\i0 -> \i0 -> i2))) (delay i1))) (delay (\i0 -> \i0 -> i1))))) (\i0 -> force i1 (\i0 -> \i0 -> i10 i2 i5)) i6) (delay i3) (delay (force (delay (\i0 -> \i0 -> delay (\i0 -> \i0 -> i1 i4 i3))) i4 i3))))) (force (delay (delay (\i0 -> \i0 -> i2)))) i1)) (force (force ((\i0 -> (\i0 -> \i0 -> delay (delay (\i0 -> \i0 -> force (force i1 (delay (force (delay (delay (\i0 -> \i0 -> i2))))) (\i0 -> \i0 -> delay (force (delay (\i0 -> \i0 -> delay (\i0 -> \i0 -> i1 i4 i3))) (i4 i2) (force (force (i6 (delay (\i0 -> i1)))) i4 i1))))))) ((\i0 -> \i0 -> (\i0 -> \i0 -> delay (delay (\i0 -> \i0 -> force (force i1 (delay (force (delay (delay (\i0 -> \i0 -> i2))))) (\i0 -> \i0 -> delay (force (delay (\i0 -> \i0 -> delay (\i0 -> \i0 -> i1 i4 i3))) (i4 i2) (force (force (i6 (delay (\i0 -> i1)))) i4 i1))))))) (i2 i2) i1) (\i0 -> \i0 -> (\i0 -> \i0 -> delay (delay (\i0 -> \i0 -> force (force i1 (delay (force (delay (delay (\i0 -> \i0 -> i2))))) (\i0 -> \i0 -> delay (force (delay (\i0 -> \i0 -> delay (\i0 -> \i0 -> i1 i4 i3))) (i4 i2) (force (force (i6 (delay (\i0 -> i1)))) i4 i1))))))) (i2 i2) i1)) i1) (delay (\i0 -> i1)))) (\i0 -> force i1 (\i0 -> \i0 -> (\i0 -> force (force (delay (delay (\i0 -> \i0 -> delay (\i0 -> i1 i3 i2))))) i3 (i1 i5)) ((\i0 -> i1) (force (force (delay (delay (\i0 -> (\i0 -> i1 i1) (\i0 -> \i0 -> i3 (i2 i2) i1))))) (\i0 -> \i0 -> force (force i1 (delay (force (force (delay (delay (\i0 -> delay (\i0 -> \i0 -> \i0 -> i1 i4))))) i3)) (\i0 -> \i0 -> delay (force i2 (\i0 -> \i0 -> force (force (i12 i2 i8) (delay (delay (\i0 -> \i0 -> \i0 -> i2 i10 i4))) (delay (i6 i3)))))))))))) i2))))))) (\i0 -> \i0 -> force ifThenElse (equalsByteString i2 i1) (delay (\i0 -> \i0 -> i2)) (delay (\i0 -> \i0 -> i1))) i2 i1)))))