Value.isZero (program 1.0.0 ((\i0 -> (\i0 -> (\i0 -> \i0 -> (\i0 -> \i0 -> (\i0 -> force (force i1 (delay True) (delay False))) (force (force (i6 (delay (\i0 -> i1)))) (force i5 (force i2)) (\i0 -> force i1 (\i0 -> \i0 -> force (force (i9 (delay (\i0 -> i1)))) (force i8 (force i5)) (\i0 -> force i1 (\i0 -> \i0 -> force ifThenElse (equalsInteger 0 i1) i10 i9)) i1)) i1)) (delay (delay (\i0 -> i1 (\i0 -> \i0 -> force (force i2 (delay i1) (delay i4))) i3)))) (delay (\i0 -> \i0 -> i2)) (delay (\i0 -> \i0 -> i1))) (delay (\i0 -> (\i0 -> delay (\i0 -> i1 (\i0 -> \i0 -> force i5 (\i0 -> \i0 -> i2) i2 i1) i2)) (force i1 (\i0 -> \i0 -> i1))))) ((\i0 -> i1) ((\i0 -> i1 i1) (\i0 -> \i0 -> (\i0 -> delay (delay (\i0 -> \i0 -> \i0 -> force (force i1 (delay (force i3 (\i0 -> \i0 -> i1))) (\i0 -> \i0 -> delay (force i5 (\i0 -> \i0 -> i2) (i4 i2) (force (force (i6 (delay (\i0 -> i1)))) i5 i4 i1))))))) (i2 i2))))))
Value.valueOf (program 1.0.0 ((\i0 -> (\i0 -> \i0 -> \i0 -> \i0 -> \i0 -> (\i0 -> (\i0 -> i1 i5) ((\i0 -> i1) (force (force i7) (\i0 -> \i0 -> force i1 0 (\i0 -> \i0 -> force i2 (\i0 -> \i0 -> force (force (force ifThenElse (equalsByteString i2 i9) i12 i11) (delay (i7 i1)) (delay (i6 i3))))))))) ((\i0 -> i1) (force (force i6) (\i0 -> \i0 -> force i1 0 (\i0 -> \i0 -> force i2 (\i0 -> \i0 -> force (force (force ifThenElse (equalsByteString i2 i7) i11 i10) (delay i1) (delay (i6 i3))))))))) (delay (\i0 -> \i0 -> i2)) (delay (\i0 -> \i0 -> i1))) (delay (delay (\i0 -> (\i0 -> i1 i1) (\i0 -> \i0 -> i3 (i2 i2) i1))))))
mappend @Value (program 1.0.0 ((\i0 -> (\i0 -> (\i0 -> \i0 -> (\i0 -> (\i0 -> (\i0 -> (\i0 -> \i0 -> (\i0 -> (\i0 -> (\i0 -> (\i0 -> \i0 -> (\i0 -> (\i0 -> force i10 (force i11 (\i0 -> \i0 -> force (force (i8 (delay (\i0 -> i1)))) (\i0 -> force i1 (\i0 -> \i0 -> force (force i10) i2 (force (force (i11 (delay (\i0 -> i1)))) (\i0 -> force i1 (\i0 -> \i0 -> force (force i13) i2 (force i1 (\i0 -> i24 0 i1) (\i0 -> \i0 -> i25 i2 i1) (\i0 -> i24 i1 0)))) i1))) (force (force (i8 (delay (\i0 -> i1)))) (\i0 -> force i1 (\i0 -> \i0 -> force (force i10) i2 (force i1 (\i0 -> force (force (i12 (delay (\i0 -> i1)))) (\i0 -> force i1 (\i0 -> \i0 -> force (force i14) i2 (force (force i13) i1))) i1) (\i0 -> \i0 -> force (force (force i8)) i19 i2 i1) (\i0 -> force (force (i12 (delay (\i0 -> i1)))) (\i0 -> force i1 (\i0 -> \i0 -> force (force i14) i2 (force (force i12) i1))) i1)))) (force (force (force i3)) i14 i2 i1))) (force i9))) (delay (delay (delay (\i0 -> \i0 -> \i0 -> force (force (i4 (delay (\i0 -> i1)))) (force i10) (force (force (i8 (delay (\i0 -> i1)))) (\i0 -> force i1 (\i0 -> \i0 -> force (force i10) i2 (force (force i9) i1))) (force (force (i4 (delay (\i0 -> i1)))) (\i0 -> \i0 -> force i2 (\i0 -> \i0 -> force (force (force (force (i13 (delay (\i0 -> i1)))) ((\i0 -> force i18 (\i0 -> \i0 -> force i3 (\i0 -> \i0 -> i2) i2 i1) (force i1 (\i0 -> \i0 -> i1))) (delay (\i0 -> i1 (\i0 -> \i0 -> force (force i2 (delay i23) (delay i1))) i20))) (\i0 -> force i1 (\i0 -> \i0 -> i10 i2 i5)) i6) (delay i3) (delay (force i14 i4 i3))))) (force i11) i1)) (force (force (i8 (delay (\i0 -> i1)))) (\i0 -> force i1 (\i0 -> \i0 -> (\i0 -> force (force i11) i3 (i1 i5)) ((\i0 -> i1) (force (force i21) (\i0 -> \i0 -> force (force i1 (delay (force (force i10) i3)) (\i0 -> \i0 -> delay (force i2 (\i0 -> \i0 -> force (force (i12 i2 i8) (delay (delay (\i0 -> \i0 -> \i0 -> i2 i10 i4))) (delay (i6 i3)))))))))))) i2)))))) ((\i0 -> i1) (force (force i14) (\i0 -> \i0 -> delay (delay (\i0 -> \i0 -> \i0 -> force (force i1 (delay i2) (\i0 -> \i0 -> delay (i5 i2 (force (force (i7 (delay (\i0 -> i1)))) i5 i4 i1)))))))))) (delay (delay (\i0 -> delay (\i0 -> \i0 -> \i0 -> i3 i4)))) (delay (delay (\i0 -> delay (\i0 -> \i0 -> \i0 -> i1 i4))))) (delay (delay (\i0 -> \i0 -> delay (\i0 -> i1 i3 i2))))) ((\i0 -> i1) (force (force i10) (\i0 -> \i0 -> delay (delay (\i0 -> \i0 -> force (force i1 (delay (force i7)) (\i0 -> \i0 -> delay (force i8 (i4 i2) (force (force (i6 (delay (\i0 -> i1)))) i4 i1)))))))))) ((\i0 -> i1) (force (force i9) (\i0 -> \i0 -> delay (delay (\i0 -> \i0 -> \i0 -> force (force i1 (delay (force i3 (\i0 -> \i0 -> i1))) (\i0 -> \i0 -> delay (force i10 i5 (i4 i2) (force (force (i7 (delay (\i0 -> i1)))) i5 i4 i1)))))))))) (delay (delay (\i0 -> \i0 -> i2))) (delay (\i0 -> \i0 -> delay (\i0 -> \i0 -> i1 i4 i3)))) (delay (\i0 -> force i1 (\i0 -> \i0 -> i2)))) (delay (\i0 -> \i0 -> delay (\i0 -> i1 i3 i2)))) (\i0 -> \i0 -> force ifThenElse (equalsByteString i2 i1) i4 i3)) (delay (\i0 -> \i0 -> i2)) (delay (\i0 -> \i0 -> i1))) (\i0 -> \i0 -> addInteger i2 i1)) (delay (delay (\i0 -> (\i0 -> i1 i1) (\i0 -> \i0 -> i3 (i2 i2) i1))))))
(==) @Value (program 1.0.0 ((\i0 -> (\i0 -> \i0 -> (\i0 -> (\i0 -> (\i0 -> (\i0 -> (\i0 -> (\i0 -> \i0 -> (\i0 -> (\i0 -> (\i0 -> (\i0 -> \i0 -> (\i0 -> (\i0 -> \i0 -> \i0 -> (\i0 -> force (force i1 (delay True) (delay False))) (force (force (i9 (delay (\i0 -> i1)))) (force i14 (force i13)) (\i0 -> force i1 (\i0 -> \i0 -> force (force (i12 (delay (\i0 -> i1)))) (force i17 (force i16)) (\i0 -> force i1 (\i0 -> \i0 -> force i1 (\i0 -> i23 0 i1) (\i0 -> \i0 -> i24 i2 i1) (\i0 -> i23 i1 0))) i1)) (force (force (i8 (delay (\i0 -> i1)))) (\i0 -> force i1 (\i0 -> \i0 -> force (force i10) i2 (force i1 (\i0 -> force (force (i12 (delay (\i0 -> i1)))) (\i0 -> force i1 (\i0 -> \i0 -> force (force i14) i2 (force (force i13) i1))) i1) (\i0 -> \i0 -> force (force (force i8)) i17 i2 i1) (\i0 -> force (force (i12 (delay (\i0 -> i1)))) (\i0 -> force i1 (\i0 -> \i0 -> force (force i14) i2 (force (force i12) i1))) i1)))) (force (force (force i3)) i12 i2 i1)))) (delay (delay (delay (\i0 -> \i0 -> \i0 -> force (force (i4 (delay (\i0 -> i1)))) (force i10) (force (force (i8 (delay (\i0 -> i1)))) (\i0 -> force i1 (\i0 -> \i0 -> force (force i10) i2 (force (force i9) i1))) (force (force (i4 (delay (\i0 -> i1)))) (\i0 -> \i0 -> force i2 (\i0 -> \i0 -> force (force (force (force (i13 (delay (\i0 -> i1)))) ((\i0 -> force i20 (\i0 -> \i0 -> force i3 (\i0 -> \i0 -> i2) i2 i1) (force i1 (\i0 -> \i0 -> i1))) (delay (\i0 -> i1 (\i0 -> \i0 -> force (force i2 (delay i25) (delay i1))) i22))) (\i0 -> force i1 (\i0 -> \i0 -> i10 i2 i5)) i6) (delay i3) (delay (force i14 i4 i3))))) (force i11) i1)) (force (force (i8 (delay (\i0 -> i1)))) (\i0 -> force i1 (\i0 -> \i0 -> (\i0 -> force (force i11) i3 (i1 i5)) ((\i0 -> i1) (force (force i22) (\i0 -> \i0 -> force (force i1 (delay (force (force i10) i3)) (\i0 -> \i0 -> delay (force i2 (\i0 -> \i0 -> force (force (i12 i2 i8) (delay (delay (\i0 -> \i0 -> \i0 -> i2 i10 i4))) (delay (i6 i3)))))))))))) i2)))))) ((\i0 -> i1) (force (force i15) (\i0 -> \i0 -> delay (delay (\i0 -> \i0 -> \i0 -> force (force i1 (delay i2) (\i0 -> \i0 -> delay (i5 i2 (force (force (i7 (delay (\i0 -> i1)))) i5 i4 i1)))))))))) (delay (delay (\i0 -> delay (\i0 -> \i0 -> \i0 -> i3 i4)))) (delay (delay (\i0 -> delay (\i0 -> \i0 -> \i0 -> i1 i4))))) (delay (delay (\i0 -> \i0 -> delay (\i0 -> i1 i3 i2))))) ((\i0 -> i1) (force (force i11) (\i0 -> \i0 -> delay (delay (\i0 -> \i0 -> force (force i1 (delay (force i7)) (\i0 -> \i0 -> delay (force i8 (i4 i2) (force (force (i6 (delay (\i0 -> i1)))) i4 i1)))))))))) ((\i0 -> i1) (force (force i10) (\i0 -> \i0 -> delay (delay (\i0 -> \i0 -> \i0 -> force (force i1 (delay (force i3 (\i0 -> \i0 -> i1))) (\i0 -> \i0 -> delay (force i5 (\i0 -> \i0 -> i2) (i4 i2) (force (force (i7 (delay (\i0 -> i1)))) i5 i4 i1)))))))))) (delay (delay (\i0 -> \i0 -> i2))) (delay (\i0 -> \i0 -> delay (\i0 -> \i0 -> i1 i4 i3)))) (\i0 -> \i0 -> force ifThenElse (equalsByteString i2 i1) i8 i7)) (delay (delay (\i0 -> i1 (\i0 -> \i0 -> force (force i2 (delay i1) (delay i7))) i6)))) (delay (\i0 -> force i2 (\i0 -> \i0 -> force i3 (\i0 -> \i0 -> i2) i2 i1) (force i1 (\i0 -> \i0 -> i1))))) (delay (\i0 -> \i0 -> delay (\i0 -> i1 i3 i2)))) (\i0 -> \i0 -> force ifThenElse (equalsInteger i2 i1) i4 i3)) (delay (\i0 -> \i0 -> i2)) (delay (\i0 -> \i0 -> i1))) (delay (delay (\i0 -> (\i0 -> i1 i1) (\i0 -> \i0 -> i3 (i2 i2) i1))))))